17:45:32 **** Incremental Build of configuration Debug for project Embedded_Exercise_normal ****
make pre-build main-build 
a9-linaro-pre-build-step
 
Building file: ../src/Pixel.c
Invoking: ARM v7 gcc compiler
arm-none-eabi-gcc -Wall -O0 -g3 -c -fmessage-length=0 -MT"src/Pixel.o" -mcpu=cortex-a9 -mfpu=vfpv3 -mfloat-abi=hard -I../../Embedded_Exercise_bsp/ps7_cortexa9_0/include -MMD -MP -MF"src/Pixel.d" -MT"src/Pixel.o" -o "src/Pixel.o" "../src/Pixel.c"
In file included from ../src/Pixel.c:8:0:
../src/Pixel.h:30:1: error: expected ';', identifier or '(' before 'struct'
 struct Alien currentAlien;
 ^~~~~~
../src/Pixel.h:31:16: error: unknown type name 'Alien'
 void initAlien(Alien* alien, uint8_t posX, uint8_t posY, uint8_t r, uint8_t g; uint8_t b);
                ^~~~~
../src/Pixel.h:31:77: error: parameter 'g' has just a forward declaration
 void initAlien(Alien* alien, uint8_t posX, uint8_t posY, uint8_t r, uint8_t g; uint8_t b);
                                                                             ^
../src/Pixel.h:31:66: error: parameter 'r' has just a forward declaration
 void initAlien(Alien* alien, uint8_t posX, uint8_t posY, uint8_t r, uint8_t g; uint8_t b);
                                                                  ^
../src/Pixel.h:31:52: error: parameter 'posY' has just a forward declaration
 void initAlien(Alien* alien, uint8_t posX, uint8_t posY, uint8_t r, uint8_t g; uint8_t b);
                                                    ^~~~
../src/Pixel.h:31:38: error: parameter 'posX' has just a forward declaration
 void initAlien(Alien* alien, uint8_t posX, uint8_t posY, uint8_t r, uint8_t g; uint8_t b);
                                      ^~~~
../src/Pixel.c:72:16: error: unknown type name 'Alien'
 void initAlien(Alien* alien, uint8_T posX, uint8_t posY, uint8_t r, uint8_t g; uint8_t b){
                ^~~~~
../src/Pixel.c:72:30: error: unknown type name 'uint8_T'
 void initAlien(Alien* alien, uint8_T posX, uint8_t posY, uint8_t r, uint8_t g; uint8_t b){
                              ^~~~~~~
../src/Pixel.c:72:77: error: parameter 'g' has just a forward declaration
 void initAlien(Alien* alien, uint8_T posX, uint8_t posY, uint8_t r, uint8_t g; uint8_t b){
                                                                             ^
../src/Pixel.c:72:66: error: parameter 'r' has just a forward declaration
 void initAlien(Alien* alien, uint8_T posX, uint8_t posY, uint8_t r, uint8_t g; uint8_t b){
                                                                  ^
../src/Pixel.c:72:52: error: parameter 'posY' has just a forward declaration
 void initAlien(Alien* alien, uint8_T posX, uint8_t posY, uint8_t r, uint8_t g; uint8_t b){
                                                    ^~~~
../src/Pixel.c: In function 'initAlien':
../src/Pixel.c:73:5: error: 'alien' undeclared (first use in this function)
     alien->posX = posX;
     ^~~~~
../src/Pixel.c:73:5: note: each undeclared identifier is reported only once for each function it appears in
../src/Pixel.c:73:19: error: 'posX' undeclared (first use in this function)
     alien->posX = posX;
                   ^~~~
../src/Pixel.c:74:19: error: 'posY' undeclared (first use in this function)
     alien->posY = posY;
                   ^~~~
../src/Pixel.c:75:16: error: 'r' undeclared (first use in this function)
     alien->r = r;
                ^
../src/Pixel.c:76:16: error: 'g' undeclared (first use in this function)
     alien->g = g;
                ^
../src/Pixel.c: In function 'setup':
../src/Pixel.c:88:5: error: 'OpenChannel' undeclared (first use in this function)
     OpenChannel=0;
     ^~~~~~~~~~~
../src/Pixel.c:91:15: error: incompatible type for argument 1 of 'initAlien'
     initAlien(asd, 4,4,0,255,0);
               ^~~
../src/Pixel.c:72:6: note: expected 'uint8_t {aka unsigned char}' but argument is of type 'struct Alien'
 void initAlien(Alien* alien, uint8_T posX, uint8_t posY, uint8_t r, uint8_t g; uint8_t b){
      ^~~~~~~~~
../src/Pixel.c:91:5: error: too many arguments to function 'initAlien'
     initAlien(asd, 4,4,0,255,0);
     ^~~~~~~~~
../src/Pixel.c:72:6: note: declared here
 void initAlien(Alien* alien, uint8_T posX, uint8_t posY, uint8_t r, uint8_t g; uint8_t b){
      ^~~~~~~~~
../src/Pixel.c: In function 'drawAlien':
../src/Pixel.c:119:26: error: invalid type argument of '->' (have 'struct Alien')
     SetPixel(currentAlien->posX, currentAlien->posY, currentAlien->r, currentAlien->g, currentAlien->b);
                          ^~
../src/Pixel.c:119:46: error: invalid type argument of '->' (have 'struct Alien')
     SetPixel(currentAlien->posX, currentAlien->posY, currentAlien->r, currentAlien->g, currentAlien->b);
                                              ^~
../src/Pixel.c:119:66: error: invalid type argument of '->' (have 'struct Alien')
     SetPixel(currentAlien->posX, currentAlien->posY, currentAlien->r, currentAlien->g, currentAlien->b);
                                                                  ^~
../src/Pixel.c:119:83: error: invalid type argument of '->' (have 'struct Alien')
     SetPixel(currentAlien->posX, currentAlien->posY, currentAlien->r, currentAlien->g, currentAlien->b);
                                                                                   ^~
../src/Pixel.c:119:100: error: invalid type argument of '->' (have 'struct Alien')
     SetPixel(currentAlien->posX, currentAlien->posY, currentAlien->r, currentAlien->g, currentAlien->b);
                                                                                                    ^~
make: *** [src/Pixel.o] Error 1
17:45:39 **** Incremental Build of configuration Debug for project Embedded_Exercise_normal ****
make pre-build main-build 
a9-linaro-pre-build-step
 
Building file: ../src/Pixel.c
Invoking: ARM v7 gcc compiler
arm-none-eabi-gcc -Wall -O0 -g3 -c -fmessage-length=0 -MT"src/Pixel.o" -mcpu=cortex-a9 -mfpu=vfpv3 -mfloat-abi=hard -I../../Embedded_Exercise_bsp/ps7_cortexa9_0/include -MMD -MP -MF"src/Pixel.d" -MT"src/Pixel.o" -o "src/Pixel.o" "../src/Pixel.c"
In file included from ../src/Pixel.c:8:0:
../src/Pixel.h:30:1: error: expected ';', identifier or '(' before 'struct'
 struct Alien currentAlien;
 ^~~~~~
../src/Pixel.h:31:16: error: unknown type name 'Alien'
 void initAlien(Alien* alien, uint8_t posX, uint8_t posY, uint8_t r, uint8_t g; uint8_t b);
                ^~~~~
../src/Pixel.h:31:77: error: parameter 'g' has just a forward declaration
 void initAlien(Alien* alien, uint8_t posX, uint8_t posY, uint8_t r, uint8_t g; uint8_t b);
                                                                             ^
../src/Pixel.h:31:66: error: parameter 'r' has just a forward declaration
 void initAlien(Alien* alien, uint8_t posX, uint8_t posY, uint8_t r, uint8_t g; uint8_t b);
                                                                  ^
../src/Pixel.h:31:52: error: parameter 'posY' has just a forward declaration
 void initAlien(Alien* alien, uint8_t posX, uint8_t posY, uint8_t r, uint8_t g; uint8_t b);
                                                    ^~~~
../src/Pixel.h:31:38: error: parameter 'posX' has just a forward declaration
 void initAlien(Alien* alien, uint8_t posX, uint8_t posY, uint8_t r, uint8_t g; uint8_t b);
                                      ^~~~
../src/Pixel.c:72:16: error: unknown type name 'Alien'
 void initAlien(Alien* alien, uint8_T posX, uint8_t posY, uint8_t r, uint8_t g; uint8_t b){
                ^~~~~
../src/Pixel.c:72:30: error: unknown type name 'uint8_T'
 void initAlien(Alien* alien, uint8_T posX, uint8_t posY, uint8_t r, uint8_t g; uint8_t b){
                              ^~~~~~~
../src/Pixel.c:72:77: error: parameter 'g' has just a forward declaration
 void initAlien(Alien* alien, uint8_T posX, uint8_t posY, uint8_t r, uint8_t g; uint8_t b){
                                                                             ^
../src/Pixel.c:72:66: error: parameter 'r' has just a forward declaration
 void initAlien(Alien* alien, uint8_T posX, uint8_t posY, uint8_t r, uint8_t g; uint8_t b){
                                                                  ^
../src/Pixel.c:72:52: error: parameter 'posY' has just a forward declaration
 void initAlien(Alien* alien, uint8_T posX, uint8_t posY, uint8_t r, uint8_t g; uint8_t b){
                                                    ^~~~
../src/Pixel.c: In function 'initAlien':
../src/Pixel.c:73:5: error: 'alien' undeclared (first use in this function)
     alien->posX = posX;
     ^~~~~
../src/Pixel.c:73:5: note: each undeclared identifier is reported only once for each function it appears in
../src/Pixel.c:73:19: error: 'posX' undeclared (first use in this function)
     alien->posX = posX;
                   ^~~~
../src/Pixel.c:74:19: error: 'posY' undeclared (first use in this function)
     alien->posY = posY;
                   ^~~~
../src/Pixel.c:75:16: error: 'r' undeclared (first use in this function)
     alien->r = r;
                ^
../src/Pixel.c:76:16: error: 'g' undeclared (first use in this function)
     alien->g = g;
                ^
../src/Pixel.c: In function 'setup':
../src/Pixel.c:88:5: error: 'OpenChannel' undeclared (first use in this function)
     OpenChannel=0;
     ^~~~~~~~~~~
../src/Pixel.c:91:15: error: incompatible type for argument 1 of 'initAlien'
     initAlien(asd, 4,4,0,255,0);
               ^~~
../src/Pixel.c:72:6: note: expected 'uint8_t {aka unsigned char}' but argument is of type 'struct Alien'
 void initAlien(Alien* alien, uint8_T posX, uint8_t posY, uint8_t r, uint8_t g; uint8_t b){
      ^~~~~~~~~
../src/Pixel.c:91:5: error: too many arguments to function 'initAlien'
     initAlien(asd, 4,4,0,255,0);
     ^~~~~~~~~
../src/Pixel.c:72:6: note: declared here
 void initAlien(Alien* alien, uint8_T posX, uint8_t posY, uint8_t r, uint8_t g; uint8_t b){
      ^~~~~~~~~
../src/Pixel.c: In function 'drawAlien':
../src/Pixel.c:119:26: error: invalid type argument of '->' (have 'struct Alien')
     SetPixel(currentAlien->posX, currentAlien->posY, currentAlien->r, currentAlien->g, currentAlien->b);
                          ^~
../src/Pixel.c:119:46: error: invalid type argument of '->' (have 'struct Alien')
     SetPixel(currentAlien->posX, currentAlien->posY, currentAlien->r, currentAlien->g, currentAlien->b);
                                              ^~
../src/Pixel.c:119:66: error: invalid type argument of '->' (have 'struct Alien')
     SetPixel(currentAlien->posX, currentAlien->posY, currentAlien->r, currentAlien->g, currentAlien->b);
                                                                  ^~
../src/Pixel.c:119:83: error: invalid type argument of '->' (have 'struct Alien')
     SetPixel(currentAlien->posX, currentAlien->posY, currentAlien->r, currentAlien->g, currentAlien->b);
                                                                                   ^~
../src/Pixel.c:119:100: error: invalid type argument of '->' (have 'struct Alien')
     SetPixel(currentAlien->posX, currentAlien->posY, currentAlien->r, currentAlien->g, currentAlien->b);
                                                                                                    ^~
make: *** [src/Pixel.o] Error 1
17:46:22 **** Incremental Build of configuration Debug for project Embedded_Exercise_normal ****
make pre-build main-build 
a9-linaro-pre-build-step
 
Building file: ../src/Pixel.c
Invoking: ARM v7 gcc compiler
arm-none-eabi-gcc -Wall -O0 -g3 -c -fmessage-length=0 -MT"src/Pixel.o" -mcpu=cortex-a9 -mfpu=vfpv3 -mfloat-abi=hard -I../../Embedded_Exercise_bsp/ps7_cortexa9_0/include -MMD -MP -MF"src/Pixel.d" -MT"src/Pixel.o" -o "src/Pixel.o" "../src/Pixel.c"
In file included from ../src/Pixel.c:8:0:
../src/Pixel.h:30:1: error: expected ';', identifier or '(' before 'struct'
 struct Alien currentAlien;
 ^~~~~~
../src/Pixel.h:31:16: error: unknown type name 'Alien'
 void initAlien(Alien* alien, uint8_t posX, uint8_t posY, uint8_t r, uint8_t g; uint8_t b);
                ^~~~~
../src/Pixel.h:31:77: error: parameter 'g' has just a forward declaration
 void initAlien(Alien* alien, uint8_t posX, uint8_t posY, uint8_t r, uint8_t g; uint8_t b);
                                                                             ^
../src/Pixel.h:31:66: error: parameter 'r' has just a forward declaration
 void initAlien(Alien* alien, uint8_t posX, uint8_t posY, uint8_t r, uint8_t g; uint8_t b);
                                                                  ^
../src/Pixel.h:31:52: error: parameter 'posY' has just a forward declaration
 void initAlien(Alien* alien, uint8_t posX, uint8_t posY, uint8_t r, uint8_t g; uint8_t b);
                                                    ^~~~
../src/Pixel.h:31:38: error: parameter 'posX' has just a forward declaration
 void initAlien(Alien* alien, uint8_t posX, uint8_t posY, uint8_t r, uint8_t g; uint8_t b);
                                      ^~~~
../src/Pixel.c:72:16: error: unknown type name 'Alien'
 void initAlien(Alien* alien, uint8_t posX, uint8_t posY, uint8_t r, uint8_t g; uint8_t b){
                ^~~~~
../src/Pixel.c:72:77: error: parameter 'g' has just a forward declaration
 void initAlien(Alien* alien, uint8_t posX, uint8_t posY, uint8_t r, uint8_t g; uint8_t b){
                                                                             ^
../src/Pixel.c:72:66: error: parameter 'r' has just a forward declaration
 void initAlien(Alien* alien, uint8_t posX, uint8_t posY, uint8_t r, uint8_t g; uint8_t b){
                                                                  ^
../src/Pixel.c:72:52: error: parameter 'posY' has just a forward declaration
 void initAlien(Alien* alien, uint8_t posX, uint8_t posY, uint8_t r, uint8_t g; uint8_t b){
                                                    ^~~~
../src/Pixel.c:72:38: error: parameter 'posX' has just a forward declaration
 void initAlien(Alien* alien, uint8_t posX, uint8_t posY, uint8_t r, uint8_t g; uint8_t b){
                                      ^~~~
../src/Pixel.c: In function 'initAlien':
../src/Pixel.c:73:5: error: 'alien' undeclared (first use in this function)
     alien->posX = posX;
     ^~~~~
../src/Pixel.c:73:5: note: each undeclared identifier is reported only once for each function it appears in
../src/Pixel.c:73:19: error: 'posX' undeclared (first use in this function)
     alien->posX = posX;
                   ^~~~
../src/Pixel.c:74:19: error: 'posY' undeclared (first use in this function)
     alien->posY = posY;
                   ^~~~
../src/Pixel.c:75:16: error: 'r' undeclared (first use in this function)
     alien->r = r;
                ^
../src/Pixel.c:76:16: error: 'g' undeclared (first use in this function)
     alien->g = g;
                ^
../src/Pixel.c: In function 'setup':
../src/Pixel.c:88:5: error: 'OpenChannel' undeclared (first use in this function)
     OpenChannel=0;
     ^~~~~~~~~~~
../src/Pixel.c:91:15: error: incompatible type for argument 1 of 'initAlien'
     initAlien(asd, 4,4,0,255,0);
               ^~~
../src/Pixel.c:72:6: note: expected 'uint8_t {aka unsigned char}' but argument is of type 'struct Alien'
 void initAlien(Alien* alien, uint8_t posX, uint8_t posY, uint8_t r, uint8_t g; uint8_t b){
      ^~~~~~~~~
../src/Pixel.c:91:5: error: too many arguments to function 'initAlien'
     initAlien(asd, 4,4,0,255,0);
     ^~~~~~~~~
../src/Pixel.c:72:6: note: declared here
 void initAlien(Alien* alien, uint8_t posX, uint8_t posY, uint8_t r, uint8_t g; uint8_t b){
      ^~~~~~~~~
../src/Pixel.c: In function 'drawAlien':
../src/Pixel.c:119:26: error: invalid type argument of '->' (have 'struct Alien')
     SetPixel(currentAlien->posX, currentAlien->posY, currentAlien->r, currentAlien->g, currentAlien->b);
                          ^~
../src/Pixel.c:119:46: error: invalid type argument of '->' (have 'struct Alien')
     SetPixel(currentAlien->posX, currentAlien->posY, currentAlien->r, currentAlien->g, currentAlien->b);
                                              ^~
../src/Pixel.c:119:66: error: invalid type argument of '->' (have 'struct Alien')
     SetPixel(currentAlien->posX, currentAlien->posY, currentAlien->r, currentAlien->g, currentAlien->b);
                                                                  ^~
../src/Pixel.c:119:83: error: invalid type argument of '->' (have 'struct Alien')
     SetPixel(currentAlien->posX, currentAlien->posY, currentAlien->r, currentAlien->g, currentAlien->b);
                                                                                   ^~
../src/Pixel.c:119:100: error: invalid type argument of '->' (have 'struct Alien')
     SetPixel(currentAlien->posX, currentAlien->posY, currentAlien->r, currentAlien->g, currentAlien->b);
                                                                                                    ^~
make: *** [src/Pixel.o] Error 1
17:48:59 **** Auto Build of configuration Debug for project Embedded_Exercise_normal ****
make pre-build main-build 
a9-linaro-pre-build-step
 
Building file: ../src/Pixel.c
Invoking: ARM v7 gcc compiler
arm-none-eabi-gcc -Wall -O0 -g3 -c -fmessage-length=0 -MT"src/Pixel.o" -mcpu=cortex-a9 -mfpu=vfpv3 -mfloat-abi=hard -I../../Embedded_Exercise_bsp/ps7_cortexa9_0/include -MMD -MP -MF"src/Pixel.d" -MT"src/Pixel.o" -o "src/Pixel.o" "../src/Pixel.c"
In file included from ../src/Pixel.c:8:0:
../src/Pixel.h:30:1: error: expected ';', identifier or '(' before 'struct'
 struct Alien currentAlien;
 ^~~~~~
../src/Pixel.h:31:84: error: parameter 'g' has just a forward declaration
 void initAlien(struct Alien* alien, uint8_t posX, uint8_t posY, uint8_t r, uint8_t g; uint8_t b);
                                                                                    ^
../src/Pixel.h:31:73: error: parameter 'r' has just a forward declaration
 void initAlien(struct Alien* alien, uint8_t posX, uint8_t posY, uint8_t r, uint8_t g; uint8_t b);
                                                                         ^
../src/Pixel.h:31:59: error: parameter 'posY' has just a forward declaration
 void initAlien(struct Alien* alien, uint8_t posX, uint8_t posY, uint8_t r, uint8_t g; uint8_t b);
                                                           ^~~~
../src/Pixel.h:31:45: error: parameter 'posX' has just a forward declaration
 void initAlien(struct Alien* alien, uint8_t posX, uint8_t posY, uint8_t r, uint8_t g; uint8_t b);
                                             ^~~~
../src/Pixel.h:31:30: error: parameter 'alien' has just a forward declaration
 void initAlien(struct Alien* alien, uint8_t posX, uint8_t posY, uint8_t r, uint8_t g; uint8_t b);
                              ^~~~~
../src/Pixel.c:72:84: error: parameter 'g' has just a forward declaration
 void initAlien(struct Alien* alien, uint8_t posX, uint8_t posY, uint8_t r, uint8_t g; uint8_t b){
                                                                                    ^
../src/Pixel.c:72:73: error: parameter 'r' has just a forward declaration
 void initAlien(struct Alien* alien, uint8_t posX, uint8_t posY, uint8_t r, uint8_t g; uint8_t b){
                                                                         ^
../src/Pixel.c:72:59: error: parameter 'posY' has just a forward declaration
 void initAlien(struct Alien* alien, uint8_t posX, uint8_t posY, uint8_t r, uint8_t g; uint8_t b){
                                                           ^~~~
../src/Pixel.c:72:45: error: parameter 'posX' has just a forward declaration
 void initAlien(struct Alien* alien, uint8_t posX, uint8_t posY, uint8_t r, uint8_t g; uint8_t b){
                                             ^~~~
../src/Pixel.c:72:30: error: parameter 'alien' has just a forward declaration
 void initAlien(struct Alien* alien, uint8_t posX, uint8_t posY, uint8_t r, uint8_t g; uint8_t b){
                              ^~~~~
../src/Pixel.c: In function 'initAlien':
../src/Pixel.c:73:5: error: 'alien' undeclared (first use in this function)
     alien->posX = posX;
     ^~~~~
../src/Pixel.c:73:5: note: each undeclared identifier is reported only once for each function it appears in
../src/Pixel.c:73:19: error: 'posX' undeclared (first use in this function)
     alien->posX = posX;
                   ^~~~
../src/Pixel.c:74:19: error: 'posY' undeclared (first use in this function)
     alien->posY = posY;
                   ^~~~
../src/Pixel.c:75:16: error: 'r' undeclared (first use in this function)
     alien->r = r;
                ^
../src/Pixel.c:76:16: error: 'g' undeclared (first use in this function)
     alien->g = g;
                ^
../src/Pixel.c: In function 'setup':
../src/Pixel.c:88:5: error: 'OpenChannel' undeclared (first use in this function)
     OpenChannel=0;
     ^~~~~~~~~~~
../src/Pixel.c:91:15: error: incompatible type for argument 1 of 'initAlien'
     initAlien(asd, 4,4,0,255,0);
               ^~~
../src/Pixel.c:72:6: note: expected 'uint8_t {aka unsigned char}' but argument is of type 'struct Alien'
 void initAlien(struct Alien* alien, uint8_t posX, uint8_t posY, uint8_t r, uint8_t g; uint8_t b){
      ^~~~~~~~~
../src/Pixel.c:91:5: error: too many arguments to function 'initAlien'
     initAlien(asd, 4,4,0,255,0);
     ^~~~~~~~~
../src/Pixel.c:72:6: note: declared here
 void initAlien(struct Alien* alien, uint8_t posX, uint8_t posY, uint8_t r, uint8_t g; uint8_t b){
      ^~~~~~~~~
../src/Pixel.c: In function 'drawAlien':
../src/Pixel.c:119:26: error: invalid type argument of '->' (have 'struct Alien')
     SetPixel(currentAlien->posX, currentAlien->posY, currentAlien->r, currentAlien->g, currentAlien->b);
                          ^~
../src/Pixel.c:119:46: error: invalid type argument of '->' (have 'struct Alien')
     SetPixel(currentAlien->posX, currentAlien->posY, currentAlien->r, currentAlien->g, currentAlien->b);
                                              ^~
../src/Pixel.c:119:66: error: invalid type argument of '->' (have 'struct Alien')
     SetPixel(currentAlien->posX, currentAlien->posY, currentAlien->r, currentAlien->g, currentAlien->b);
                                                                  ^~
../src/Pixel.c:119:83: error: invalid type argument of '->' (have 'struct Alien')
     SetPixel(currentAlien->posX, currentAlien->posY, currentAlien->r, currentAlien->g, currentAlien->b);
                                                                                   ^~
../src/Pixel.c:119:100: error: invalid type argument of '->' (have 'struct Alien')
     SetPixel(currentAlien->posX, currentAlien->posY, currentAlien->r, currentAlien->g, currentAlien->b);
                                                                                                    ^~
make: *** [src/Pixel.o] Error 1
17:49:10 **** Incremental Build of configuration Debug for project Embedded_Exercise_normal ****
make pre-build main-build 
a9-linaro-pre-build-step
 
Building file: ../src/Pixel.c
Invoking: ARM v7 gcc compiler
arm-none-eabi-gcc -Wall -O0 -g3 -c -fmessage-length=0 -MT"src/Pixel.o" -mcpu=cortex-a9 -mfpu=vfpv3 -mfloat-abi=hard -I../../Embedded_Exercise_bsp/ps7_cortexa9_0/include -MMD -MP -MF"src/Pixel.d" -MT"src/Pixel.o" -o "src/Pixel.o" "../src/Pixel.c"
In file included from ../src/Pixel.c:8:0:
../src/Pixel.h:30:1: error: expected ';', identifier or '(' before 'struct'
 struct Alien currentAlien;
 ^~~~~~
../src/Pixel.h:31:84: error: parameter 'g' has just a forward declaration
 void initAlien(struct Alien* alien, uint8_t posX, uint8_t posY, uint8_t r, uint8_t g; uint8_t b);
                                                                                    ^
../src/Pixel.h:31:73: error: parameter 'r' has just a forward declaration
 void initAlien(struct Alien* alien, uint8_t posX, uint8_t posY, uint8_t r, uint8_t g; uint8_t b);
                                                                         ^
../src/Pixel.h:31:59: error: parameter 'posY' has just a forward declaration
 void initAlien(struct Alien* alien, uint8_t posX, uint8_t posY, uint8_t r, uint8_t g; uint8_t b);
                                                           ^~~~
../src/Pixel.h:31:45: error: parameter 'posX' has just a forward declaration
 void initAlien(struct Alien* alien, uint8_t posX, uint8_t posY, uint8_t r, uint8_t g; uint8_t b);
                                             ^~~~
../src/Pixel.h:31:30: error: parameter 'alien' has just a forward declaration
 void initAlien(struct Alien* alien, uint8_t posX, uint8_t posY, uint8_t r, uint8_t g; uint8_t b);
                              ^~~~~
../src/Pixel.c:72:84: error: parameter 'g' has just a forward declaration
 void initAlien(struct Alien* alien, uint8_t posX, uint8_t posY, uint8_t r, uint8_t g; uint8_t b){
                                                                                    ^
../src/Pixel.c:72:73: error: parameter 'r' has just a forward declaration
 void initAlien(struct Alien* alien, uint8_t posX, uint8_t posY, uint8_t r, uint8_t g; uint8_t b){
                                                                         ^
../src/Pixel.c:72:59: error: parameter 'posY' has just a forward declaration
 void initAlien(struct Alien* alien, uint8_t posX, uint8_t posY, uint8_t r, uint8_t g; uint8_t b){
                                                           ^~~~
../src/Pixel.c:72:45: error: parameter 'posX' has just a forward declaration
 void initAlien(struct Alien* alien, uint8_t posX, uint8_t posY, uint8_t r, uint8_t g; uint8_t b){
                                             ^~~~
../src/Pixel.c:72:30: error: parameter 'alien' has just a forward declaration
 void initAlien(struct Alien* alien, uint8_t posX, uint8_t posY, uint8_t r, uint8_t g; uint8_t b){
                              ^~~~~
../src/Pixel.c: In function 'initAlien':
../src/Pixel.c:73:5: error: 'alien' undeclared (first use in this function)
     alien->posX = posX;
     ^~~~~
../src/Pixel.c:73:5: note: each undeclared identifier is reported only once for each function it appears in
../src/Pixel.c:73:19: error: 'posX' undeclared (first use in this function)
     alien->posX = posX;
                   ^~~~
../src/Pixel.c:74:19: error: 'posY' undeclared (first use in this function)
     alien->posY = posY;
                   ^~~~
../src/Pixel.c:75:16: error: 'r' undeclared (first use in this function)
     alien->r = r;
                ^
../src/Pixel.c:76:16: error: 'g' undeclared (first use in this function)
     alien->g = g;
                ^
../src/Pixel.c: In function 'setup':
../src/Pixel.c:88:5: error: 'OpenChannel' undeclared (first use in this function)
     OpenChannel=0;
     ^~~~~~~~~~~
../src/Pixel.c:91:15: error: incompatible type for argument 1 of 'initAlien'
     initAlien(asd, 4,4,0,255,0);
               ^~~
../src/Pixel.c:72:6: note: expected 'uint8_t {aka unsigned char}' but argument is of type 'struct Alien'
 void initAlien(struct Alien* alien, uint8_t posX, uint8_t posY, uint8_t r, uint8_t g; uint8_t b){
      ^~~~~~~~~
../src/Pixel.c:91:5: error: too many arguments to function 'initAlien'
     initAlien(asd, 4,4,0,255,0);
     ^~~~~~~~~
../src/Pixel.c:72:6: note: declared here
 void initAlien(struct Alien* alien, uint8_t posX, uint8_t posY, uint8_t r, uint8_t g; uint8_t b){
      ^~~~~~~~~
../src/Pixel.c: In function 'drawAlien':
../src/Pixel.c:119:26: error: invalid type argument of '->' (have 'struct Alien')
     SetPixel(currentAlien->posX, currentAlien->posY, currentAlien->r, currentAlien->g, currentAlien->b);
                          ^~
../src/Pixel.c:119:46: error: invalid type argument of '->' (have 'struct Alien')
     SetPixel(currentAlien->posX, currentAlien->posY, currentAlien->r, currentAlien->g, currentAlien->b);
                                              ^~
../src/Pixel.c:119:66: error: invalid type argument of '->' (have 'struct Alien')
     SetPixel(currentAlien->posX, currentAlien->posY, currentAlien->r, currentAlien->g, currentAlien->b);
                                                                  ^~
../src/Pixel.c:119:83: error: invalid type argument of '->' (have 'struct Alien')
     SetPixel(currentAlien->posX, currentAlien->posY, currentAlien->r, currentAlien->g, currentAlien->b);
                                                                                   ^~
../src/Pixel.c:119:100: error: invalid type argument of '->' (have 'struct Alien')
     SetPixel(currentAlien->posX, currentAlien->posY, currentAlien->r, currentAlien->g, currentAlien->b);
                                                                                                    ^~
make: *** [src/Pixel.o] Error 1
17:50:58 **** Incremental Build of configuration Debug for project Embedded_Exercise_normal ****
make pre-build main-build 
a9-linaro-pre-build-step
 
Building file: ../src/Pixel.c
Invoking: ARM v7 gcc compiler
arm-none-eabi-gcc -Wall -O0 -g3 -c -fmessage-length=0 -MT"src/Pixel.o" -mcpu=cortex-a9 -mfpu=vfpv3 -mfloat-abi=hard -I../../Embedded_Exercise_bsp/ps7_cortexa9_0/include -MMD -MP -MF"src/Pixel.d" -MT"src/Pixel.o" -o "src/Pixel.o" "../src/Pixel.c"
In file included from ../src/Pixel.c:8:0:
../src/Pixel.h:30:1: error: expected ';', identifier or '(' before 'struct'
 struct Alien currentAlien;
 ^~~~~~
../src/Pixel.h:31:84: error: parameter 'g' has just a forward declaration
 void initAlien(struct Alien* alien, uint8_t posX, uint8_t posY, uint8_t r, uint8_t g; uint8_t b);
                                                                                    ^
../src/Pixel.h:31:73: error: parameter 'r' has just a forward declaration
 void initAlien(struct Alien* alien, uint8_t posX, uint8_t posY, uint8_t r, uint8_t g; uint8_t b);
                                                                         ^
../src/Pixel.h:31:59: error: parameter 'posY' has just a forward declaration
 void initAlien(struct Alien* alien, uint8_t posX, uint8_t posY, uint8_t r, uint8_t g; uint8_t b);
                                                           ^~~~
../src/Pixel.h:31:45: error: parameter 'posX' has just a forward declaration
 void initAlien(struct Alien* alien, uint8_t posX, uint8_t posY, uint8_t r, uint8_t g; uint8_t b);
                                             ^~~~
../src/Pixel.h:31:30: error: parameter 'alien' has just a forward declaration
 void initAlien(struct Alien* alien, uint8_t posX, uint8_t posY, uint8_t r, uint8_t g; uint8_t b);
                              ^~~~~
../src/Pixel.c:72:84: error: parameter 'g' has just a forward declaration
 void initAlien(struct Alien* alien, uint8_t posX, uint8_t posY, uint8_t r, uint8_t g; uint8_t b){
                                                                                    ^
../src/Pixel.c:72:73: error: parameter 'r' has just a forward declaration
 void initAlien(struct Alien* alien, uint8_t posX, uint8_t posY, uint8_t r, uint8_t g; uint8_t b){
                                                                         ^
../src/Pixel.c:72:59: error: parameter 'posY' has just a forward declaration
 void initAlien(struct Alien* alien, uint8_t posX, uint8_t posY, uint8_t r, uint8_t g; uint8_t b){
                                                           ^~~~
../src/Pixel.c:72:45: error: parameter 'posX' has just a forward declaration
 void initAlien(struct Alien* alien, uint8_t posX, uint8_t posY, uint8_t r, uint8_t g; uint8_t b){
                                             ^~~~
../src/Pixel.c:72:30: error: parameter 'alien' has just a forward declaration
 void initAlien(struct Alien* alien, uint8_t posX, uint8_t posY, uint8_t r, uint8_t g; uint8_t b){
                              ^~~~~
../src/Pixel.c: In function 'initAlien':
../src/Pixel.c:73:5: error: 'alien' undeclared (first use in this function)
     alien->posX = posX;
     ^~~~~
../src/Pixel.c:73:5: note: each undeclared identifier is reported only once for each function it appears in
../src/Pixel.c:73:19: error: 'posX' undeclared (first use in this function)
     alien->posX = posX;
                   ^~~~
../src/Pixel.c:74:19: error: 'posY' undeclared (first use in this function)
     alien->posY = posY;
                   ^~~~
../src/Pixel.c:75:16: error: 'r' undeclared (first use in this function)
     alien->r = r;
                ^
../src/Pixel.c:76:16: error: 'g' undeclared (first use in this function)
     alien->g = g;
                ^
../src/Pixel.c: In function 'setup':
../src/Pixel.c:88:5: error: 'OpenChannel' undeclared (first use in this function)
     OpenChannel=0;
     ^~~~~~~~~~~
../src/Pixel.c:91:15: error: incompatible type for argument 1 of 'initAlien'
     initAlien(asd, 4,4,0,255,0);
               ^~~
../src/Pixel.c:72:6: note: expected 'uint8_t {aka unsigned char}' but argument is of type 'struct Alien'
 void initAlien(struct Alien* alien, uint8_t posX, uint8_t posY, uint8_t r, uint8_t g; uint8_t b){
      ^~~~~~~~~
../src/Pixel.c:91:5: error: too many arguments to function 'initAlien'
     initAlien(asd, 4,4,0,255,0);
     ^~~~~~~~~
../src/Pixel.c:72:6: note: declared here
 void initAlien(struct Alien* alien, uint8_t posX, uint8_t posY, uint8_t r, uint8_t g; uint8_t b){
      ^~~~~~~~~
../src/Pixel.c: In function 'drawAlien':
../src/Pixel.c:119:26: error: invalid type argument of '->' (have 'struct Alien')
     SetPixel(currentAlien->posX, currentAlien->posY, currentAlien->r, currentAlien->g, currentAlien->b);
                          ^~
../src/Pixel.c:119:46: error: invalid type argument of '->' (have 'struct Alien')
     SetPixel(currentAlien->posX, currentAlien->posY, currentAlien->r, currentAlien->g, currentAlien->b);
                                              ^~
../src/Pixel.c:119:66: error: invalid type argument of '->' (have 'struct Alien')
     SetPixel(currentAlien->posX, currentAlien->posY, currentAlien->r, currentAlien->g, currentAlien->b);
                                                                  ^~
../src/Pixel.c:119:83: error: invalid type argument of '->' (have 'struct Alien')
     SetPixel(currentAlien->posX, currentAlien->posY, currentAlien->r, currentAlien->g, currentAlien->b);
                                                                                   ^~
../src/Pixel.c:119:100: error: invalid type argument of '->' (have 'struct Alien')
     SetPixel(currentAlien->posX, currentAlien->posY, currentAlien->r, currentAlien->g, currentAlien->b);
                                                                                                    ^~
make: *** [src/Pixel.o] Error 1
17:52:39 **** Incremental Build of configuration Debug for project Embedded_Exercise_normal ****
make pre-build main-build 
a9-linaro-pre-build-step
 
Building file: ../src/Pixel.c
Invoking: ARM v7 gcc compiler
arm-none-eabi-gcc -Wall -O0 -g3 -c -fmessage-length=0 -MT"src/Pixel.o" -mcpu=cortex-a9 -mfpu=vfpv3 -mfloat-abi=hard -I../../Embedded_Exercise_bsp/ps7_cortexa9_0/include -MMD -MP -MF"src/Pixel.d" -MT"src/Pixel.o" -o "src/Pixel.o" "../src/Pixel.c"
In file included from ../src/Pixel.c:8:0:
../src/Pixel.h:30:1: error: expected ';', identifier or '(' before 'struct'
 struct Alien currentAlien;
 ^~~~~~
../src/Pixel.h:31:84: error: parameter 'g' has just a forward declaration
 void initAlien(struct Alien* alien, uint8_t posX, uint8_t posY, uint8_t r, uint8_t g; uint8_t b);
                                                                                    ^
../src/Pixel.h:31:73: error: parameter 'r' has just a forward declaration
 void initAlien(struct Alien* alien, uint8_t posX, uint8_t posY, uint8_t r, uint8_t g; uint8_t b);
                                                                         ^
../src/Pixel.h:31:59: error: parameter 'posY' has just a forward declaration
 void initAlien(struct Alien* alien, uint8_t posX, uint8_t posY, uint8_t r, uint8_t g; uint8_t b);
                                                           ^~~~
../src/Pixel.h:31:45: error: parameter 'posX' has just a forward declaration
 void initAlien(struct Alien* alien, uint8_t posX, uint8_t posY, uint8_t r, uint8_t g; uint8_t b);
                                             ^~~~
../src/Pixel.h:31:30: error: parameter 'alien' has just a forward declaration
 void initAlien(struct Alien* alien, uint8_t posX, uint8_t posY, uint8_t r, uint8_t g; uint8_t b);
                              ^~~~~
../src/Pixel.c:72:84: error: parameter 'g' has just a forward declaration
 void initAlien(struct Alien* alien, uint8_t posX, uint8_t posY, uint8_t r, uint8_t g; uint8_t b){
                                                                                    ^
../src/Pixel.c:72:73: error: parameter 'r' has just a forward declaration
 void initAlien(struct Alien* alien, uint8_t posX, uint8_t posY, uint8_t r, uint8_t g; uint8_t b){
                                                                         ^
../src/Pixel.c:72:59: error: parameter 'posY' has just a forward declaration
 void initAlien(struct Alien* alien, uint8_t posX, uint8_t posY, uint8_t r, uint8_t g; uint8_t b){
                                                           ^~~~
../src/Pixel.c:72:45: error: parameter 'posX' has just a forward declaration
 void initAlien(struct Alien* alien, uint8_t posX, uint8_t posY, uint8_t r, uint8_t g; uint8_t b){
                                             ^~~~
../src/Pixel.c:72:30: error: parameter 'alien' has just a forward declaration
 void initAlien(struct Alien* alien, uint8_t posX, uint8_t posY, uint8_t r, uint8_t g; uint8_t b){
                              ^~~~~
../src/Pixel.c: In function 'initAlien':
../src/Pixel.c:73:5: error: 'alien' undeclared (first use in this function)
     alien->posX = posX;
     ^~~~~
../src/Pixel.c:73:5: note: each undeclared identifier is reported only once for each function it appears in
../src/Pixel.c:73:19: error: 'posX' undeclared (first use in this function)
     alien->posX = posX;
                   ^~~~
../src/Pixel.c:74:19: error: 'posY' undeclared (first use in this function)
     alien->posY = posY;
                   ^~~~
../src/Pixel.c:75:16: error: 'r' undeclared (first use in this function)
     alien->r = r;
                ^
../src/Pixel.c:76:16: error: 'g' undeclared (first use in this function)
     alien->g = g;
                ^
../src/Pixel.c: In function 'setup':
../src/Pixel.c:88:5: error: 'OpenChannel' undeclared (first use in this function)
     OpenChannel=0;
     ^~~~~~~~~~~
../src/Pixel.c:91:15: error: incompatible type for argument 1 of 'initAlien'
     initAlien(asd, 4,4,0,255,0);
               ^~~
../src/Pixel.c:72:6: note: expected 'uint8_t {aka unsigned char}' but argument is of type 'struct Alien'
 void initAlien(struct Alien* alien, uint8_t posX, uint8_t posY, uint8_t r, uint8_t g; uint8_t b){
      ^~~~~~~~~
../src/Pixel.c:91:5: error: too many arguments to function 'initAlien'
     initAlien(asd, 4,4,0,255,0);
     ^~~~~~~~~
../src/Pixel.c:72:6: note: declared here
 void initAlien(struct Alien* alien, uint8_t posX, uint8_t posY, uint8_t r, uint8_t g; uint8_t b){
      ^~~~~~~~~
../src/Pixel.c: In function 'drawAlien':
../src/Pixel.c:119:26: error: invalid type argument of '->' (have 'struct Alien')
     SetPixel(currentAlien->posX, currentAlien->posY, currentAlien->r, currentAlien->g, currentAlien->b);
                          ^~
../src/Pixel.c:119:46: error: invalid type argument of '->' (have 'struct Alien')
     SetPixel(currentAlien->posX, currentAlien->posY, currentAlien->r, currentAlien->g, currentAlien->b);
                                              ^~
../src/Pixel.c:119:66: error: invalid type argument of '->' (have 'struct Alien')
     SetPixel(currentAlien->posX, currentAlien->posY, currentAlien->r, currentAlien->g, currentAlien->b);
                                                                  ^~
../src/Pixel.c:119:83: error: invalid type argument of '->' (have 'struct Alien')
     SetPixel(currentAlien->posX, currentAlien->posY, currentAlien->r, currentAlien->g, currentAlien->b);
                                                                                   ^~
../src/Pixel.c:119:100: error: invalid type argument of '->' (have 'struct Alien')
     SetPixel(currentAlien->posX, currentAlien->posY, currentAlien->r, currentAlien->g, currentAlien->b);
                                                                                                    ^~
make: *** [src/Pixel.o] Error 1
17:53:16 **** Auto Build of configuration Debug for project Embedded_Exercise_normal ****
make pre-build main-build 
a9-linaro-pre-build-step
 
Building file: ../src/Pixel.c
Invoking: ARM v7 gcc compiler
arm-none-eabi-gcc -Wall -O0 -g3 -c -fmessage-length=0 -MT"src/Pixel.o" -mcpu=cortex-a9 -mfpu=vfpv3 -mfloat-abi=hard -I../../Embedded_Exercise_bsp/ps7_cortexa9_0/include -MMD -MP -MF"src/Pixel.d" -MT"src/Pixel.o" -o "src/Pixel.o" "../src/Pixel.c"
In file included from ../src/Pixel.c:8:0:
../src/Pixel.h:30:1: error: expected ';', identifier or '(' before 'struct'
 struct Alien currentAlien;
 ^~~~~~
../src/Pixel.h:31:84: error: parameter 'g' has just a forward declaration
 void initAlien(struct Alien* alien, uint8_t posX, uint8_t posY, uint8_t r, uint8_t g; uint8_t b);
                                                                                    ^
../src/Pixel.h:31:73: error: parameter 'r' has just a forward declaration
 void initAlien(struct Alien* alien, uint8_t posX, uint8_t posY, uint8_t r, uint8_t g; uint8_t b);
                                                                         ^
../src/Pixel.h:31:59: error: parameter 'posY' has just a forward declaration
 void initAlien(struct Alien* alien, uint8_t posX, uint8_t posY, uint8_t r, uint8_t g; uint8_t b);
                                                           ^~~~
../src/Pixel.h:31:45: error: parameter 'posX' has just a forward declaration
 void initAlien(struct Alien* alien, uint8_t posX, uint8_t posY, uint8_t r, uint8_t g; uint8_t b);
                                             ^~~~
../src/Pixel.h:31:30: error: parameter 'alien' has just a forward declaration
 void initAlien(struct Alien* alien, uint8_t posX, uint8_t posY, uint8_t r, uint8_t g; uint8_t b);
                              ^~~~~
../src/Pixel.c:72:84: error: parameter 'g' has just a forward declaration
 void initAlien(struct Alien* alien, uint8_t posX, uint8_t posY, uint8_t r, uint8_t g; uint8_t b){
                                                                                    ^
../src/Pixel.c:72:73: error: parameter 'r' has just a forward declaration
 void initAlien(struct Alien* alien, uint8_t posX, uint8_t posY, uint8_t r, uint8_t g; uint8_t b){
                                                                         ^
../src/Pixel.c:72:59: error: parameter 'posY' has just a forward declaration
 void initAlien(struct Alien* alien, uint8_t posX, uint8_t posY, uint8_t r, uint8_t g; uint8_t b){
                                                           ^~~~
../src/Pixel.c:72:45: error: parameter 'posX' has just a forward declaration
 void initAlien(struct Alien* alien, uint8_t posX, uint8_t posY, uint8_t r, uint8_t g; uint8_t b){
                                             ^~~~
../src/Pixel.c:72:30: error: parameter 'alien' has just a forward declaration
 void initAlien(struct Alien* alien, uint8_t posX, uint8_t posY, uint8_t r, uint8_t g; uint8_t b){
                              ^~~~~
../src/Pixel.c: In function 'initAlien':
../src/Pixel.c:73:5: error: 'alien' undeclared (first use in this function)
     alien.posX = posX;
     ^~~~~
../src/Pixel.c:73:5: note: each undeclared identifier is reported only once for each function it appears in
../src/Pixel.c:73:18: error: 'posX' undeclared (first use in this function)
     alien.posX = posX;
                  ^~~~
../src/Pixel.c:74:18: error: 'posY' undeclared (first use in this function)
     alien.posY = posY;
                  ^~~~
../src/Pixel.c:75:15: error: 'r' undeclared (first use in this function)
     alien.r = r;
               ^
../src/Pixel.c:76:15: error: 'g' undeclared (first use in this function)
     alien.g = g;
               ^
../src/Pixel.c: In function 'setup':
../src/Pixel.c:88:5: error: 'OpenChannel' undeclared (first use in this function)
     OpenChannel=0;
     ^~~~~~~~~~~
../src/Pixel.c:91:15: error: incompatible type for argument 1 of 'initAlien'
     initAlien(asd, 4,4,0,255,0);
               ^~~
../src/Pixel.c:72:6: note: expected 'uint8_t {aka unsigned char}' but argument is of type 'struct Alien'
 void initAlien(struct Alien* alien, uint8_t posX, uint8_t posY, uint8_t r, uint8_t g; uint8_t b){
      ^~~~~~~~~
../src/Pixel.c:91:5: error: too many arguments to function 'initAlien'
     initAlien(asd, 4,4,0,255,0);
     ^~~~~~~~~
../src/Pixel.c:72:6: note: declared here
 void initAlien(struct Alien* alien, uint8_t posX, uint8_t posY, uint8_t r, uint8_t g; uint8_t b){
      ^~~~~~~~~
../src/Pixel.c: In function 'drawAlien':
../src/Pixel.c:119:26: error: invalid type argument of '->' (have 'struct Alien')
     SetPixel(currentAlien->posX, currentAlien->posY, currentAlien->r, currentAlien->g, currentAlien->b);
                          ^~
../src/Pixel.c:119:46: error: invalid type argument of '->' (have 'struct Alien')
     SetPixel(currentAlien->posX, currentAlien->posY, currentAlien->r, currentAlien->g, currentAlien->b);
                                              ^~
../src/Pixel.c:119:66: error: invalid type argument of '->' (have 'struct Alien')
     SetPixel(currentAlien->posX, currentAlien->posY, currentAlien->r, currentAlien->g, currentAlien->b);
                                                                  ^~
../src/Pixel.c:119:83: error: invalid type argument of '->' (have 'struct Alien')
     SetPixel(currentAlien->posX, currentAlien->posY, currentAlien->r, currentAlien->g, currentAlien->b);
                                                                                   ^~
../src/Pixel.c:119:100: error: invalid type argument of '->' (have 'struct Alien')
     SetPixel(currentAlien->posX, currentAlien->posY, currentAlien->r, currentAlien->g, currentAlien->b);
                                                                                                    ^~
make: *** [src/Pixel.o] Error 1
17:53:51 **** Auto Build of configuration Debug for project Embedded_Exercise_normal ****
make pre-build main-build 
a9-linaro-pre-build-step
 
Building file: ../src/Pixel.c
Invoking: ARM v7 gcc compiler
arm-none-eabi-gcc -Wall -O0 -g3 -c -fmessage-length=0 -MT"src/Pixel.o" -mcpu=cortex-a9 -mfpu=vfpv3 -mfloat-abi=hard -I../../Embedded_Exercise_bsp/ps7_cortexa9_0/include -MMD -MP -MF"src/Pixel.d" -MT"src/Pixel.o" -o "src/Pixel.o" "../src/Pixel.c"
In file included from ../src/Pixel.c:8:0:
../src/Pixel.h:30:1: error: expected ';', identifier or '(' before 'struct'
 struct Alien currentAlien;
 ^~~~~~
../src/Pixel.h:31:84: error: parameter 'g' has just a forward declaration
 void initAlien(struct Alien* alien, uint8_t posX, uint8_t posY, uint8_t r, uint8_t g; uint8_t b);
                                                                                    ^
../src/Pixel.h:31:73: error: parameter 'r' has just a forward declaration
 void initAlien(struct Alien* alien, uint8_t posX, uint8_t posY, uint8_t r, uint8_t g; uint8_t b);
                                                                         ^
../src/Pixel.h:31:59: error: parameter 'posY' has just a forward declaration
 void initAlien(struct Alien* alien, uint8_t posX, uint8_t posY, uint8_t r, uint8_t g; uint8_t b);
                                                           ^~~~
../src/Pixel.h:31:45: error: parameter 'posX' has just a forward declaration
 void initAlien(struct Alien* alien, uint8_t posX, uint8_t posY, uint8_t r, uint8_t g; uint8_t b);
                                             ^~~~
../src/Pixel.h:31:30: error: parameter 'alien' has just a forward declaration
 void initAlien(struct Alien* alien, uint8_t posX, uint8_t posY, uint8_t r, uint8_t g; uint8_t b);
                              ^~~~~
../src/Pixel.c:72:84: error: parameter 'g' has just a forward declaration
 void initAlien(struct Alien* alien, uint8_t posX, uint8_t posY, uint8_t r, uint8_t g; uint8_t b){
                                                                                    ^
../src/Pixel.c:72:73: error: parameter 'r' has just a forward declaration
 void initAlien(struct Alien* alien, uint8_t posX, uint8_t posY, uint8_t r, uint8_t g; uint8_t b){
                                                                         ^
../src/Pixel.c:72:59: error: parameter 'posY' has just a forward declaration
 void initAlien(struct Alien* alien, uint8_t posX, uint8_t posY, uint8_t r, uint8_t g; uint8_t b){
                                                           ^~~~
../src/Pixel.c:72:45: error: parameter 'posX' has just a forward declaration
 void initAlien(struct Alien* alien, uint8_t posX, uint8_t posY, uint8_t r, uint8_t g; uint8_t b){
                                             ^~~~
../src/Pixel.c:72:30: error: parameter 'alien' has just a forward declaration
 void initAlien(struct Alien* alien, uint8_t posX, uint8_t posY, uint8_t r, uint8_t g; uint8_t b){
                              ^~~~~
../src/Pixel.c: In function 'initAlien':
../src/Pixel.c:73:5: error: 'alien' undeclared (first use in this function)
     alien.posX = posX;
     ^~~~~
../src/Pixel.c:73:5: note: each undeclared identifier is reported only once for each function it appears in
../src/Pixel.c:73:18: error: 'posX' undeclared (first use in this function)
     alien.posX = posX;
                  ^~~~
../src/Pixel.c:74:18: error: 'posY' undeclared (first use in this function)
     alien.posY = posY;
                  ^~~~
../src/Pixel.c:75:15: error: 'r' undeclared (first use in this function)
     alien.r = r;
               ^
../src/Pixel.c:76:15: error: 'g' undeclared (first use in this function)
     alien.g = g;
               ^
../src/Pixel.c: In function 'setup':
../src/Pixel.c:88:5: error: 'OpenChannel' undeclared (first use in this function)
     OpenChannel=0;
     ^~~~~~~~~~~
../src/Pixel.c:91:15: error: incompatible type for argument 1 of 'initAlien'
     initAlien(asd, 4,4,0,255,0);
               ^~~
../src/Pixel.c:72:6: note: expected 'uint8_t {aka unsigned char}' but argument is of type 'struct Alien'
 void initAlien(struct Alien* alien, uint8_t posX, uint8_t posY, uint8_t r, uint8_t g; uint8_t b){
      ^~~~~~~~~
../src/Pixel.c:91:5: error: too many arguments to function 'initAlien'
     initAlien(asd, 4,4,0,255,0);
     ^~~~~~~~~
../src/Pixel.c:72:6: note: declared here
 void initAlien(struct Alien* alien, uint8_t posX, uint8_t posY, uint8_t r, uint8_t g; uint8_t b){
      ^~~~~~~~~
make: *** [src/Pixel.o] Error 1
17:54:13 **** Auto Build of configuration Debug for project Embedded_Exercise_normal ****
make pre-build main-build 
a9-linaro-pre-build-step
 
Building file: ../src/Pixel.c
Invoking: ARM v7 gcc compiler
arm-none-eabi-gcc -Wall -O0 -g3 -c -fmessage-length=0 -MT"src/Pixel.o" -mcpu=cortex-a9 -mfpu=vfpv3 -mfloat-abi=hard -I../../Embedded_Exercise_bsp/ps7_cortexa9_0/include -MMD -MP -MF"src/Pixel.d" -MT"src/Pixel.o" -o "src/Pixel.o" "../src/Pixel.c"
In file included from ../src/Pixel.c:8:0:
../src/Pixel.h:30:1: error: expected ';', identifier or '(' before 'struct'
 struct Alien currentAlien;
 ^~~~~~
../src/Pixel.h:31:84: error: parameter 'g' has just a forward declaration
 void initAlien(struct Alien* alien, uint8_t posX, uint8_t posY, uint8_t r, uint8_t g; uint8_t b);
                                                                                    ^
../src/Pixel.h:31:73: error: parameter 'r' has just a forward declaration
 void initAlien(struct Alien* alien, uint8_t posX, uint8_t posY, uint8_t r, uint8_t g; uint8_t b);
                                                                         ^
../src/Pixel.h:31:59: error: parameter 'posY' has just a forward declaration
 void initAlien(struct Alien* alien, uint8_t posX, uint8_t posY, uint8_t r, uint8_t g; uint8_t b);
                                                           ^~~~
../src/Pixel.h:31:45: error: parameter 'posX' has just a forward declaration
 void initAlien(struct Alien* alien, uint8_t posX, uint8_t posY, uint8_t r, uint8_t g; uint8_t b);
                                             ^~~~
../src/Pixel.h:31:30: error: parameter 'alien' has just a forward declaration
 void initAlien(struct Alien* alien, uint8_t posX, uint8_t posY, uint8_t r, uint8_t g; uint8_t b);
                              ^~~~~
../src/Pixel.c:72:6: error: conflicting types for 'initAlien'
 void initAlien(struct Alien* alien, uint8_t posX, uint8_t posY, uint8_t r, uint8_t g, uint8_t b){
      ^~~~~~~~~
In file included from ../src/Pixel.c:8:0:
../src/Pixel.h:31:6: note: previous declaration of 'initAlien' was here
 void initAlien(struct Alien* alien, uint8_t posX, uint8_t posY, uint8_t r, uint8_t g; uint8_t b);
      ^~~~~~~~~
../src/Pixel.c: In function 'initAlien':
../src/Pixel.c:73:10: error: 'alien' is a pointer; did you mean to use '->'?
     alien.posX = posX;
          ^
          ->
../src/Pixel.c:74:10: error: 'alien' is a pointer; did you mean to use '->'?
     alien.posY = posY;
          ^
          ->
../src/Pixel.c:75:10: error: 'alien' is a pointer; did you mean to use '->'?
     alien.r = r;
          ^
          ->
../src/Pixel.c:76:10: error: 'alien' is a pointer; did you mean to use '->'?
     alien.g = g;
          ^
          ->
../src/Pixel.c:77:10: error: 'alien' is a pointer; did you mean to use '->'?
     alien.b = b;
          ^
          ->
../src/Pixel.c: In function 'setup':
../src/Pixel.c:88:5: error: 'OpenChannel' undeclared (first use in this function)
     OpenChannel=0;
     ^~~~~~~~~~~
../src/Pixel.c:88:5: note: each undeclared identifier is reported only once for each function it appears in
../src/Pixel.c:91:15: error: incompatible type for argument 1 of 'initAlien'
     initAlien(asd, 4,4,0,255,0);
               ^~~
../src/Pixel.c:72:6: note: expected 'struct Alien *' but argument is of type 'struct Alien'
 void initAlien(struct Alien* alien, uint8_t posX, uint8_t posY, uint8_t r, uint8_t g, uint8_t b){
      ^~~~~~~~~
make: *** [src/Pixel.o] Error 1
17:55:20 **** Auto Build of configuration Debug for project Embedded_Exercise_normal ****
make pre-build main-build 
a9-linaro-pre-build-step
 
Building file: ../src/Pixel.c
Invoking: ARM v7 gcc compiler
arm-none-eabi-gcc -Wall -O0 -g3 -c -fmessage-length=0 -MT"src/Pixel.o" -mcpu=cortex-a9 -mfpu=vfpv3 -mfloat-abi=hard -I../../Embedded_Exercise_bsp/ps7_cortexa9_0/include -MMD -MP -MF"src/Pixel.d" -MT"src/Pixel.o" -o "src/Pixel.o" "../src/Pixel.c"
In file included from ../src/Pixel.c:8:0:
../src/Pixel.h:30:1: error: expected ';', identifier or '(' before 'struct'
 struct Alien currentAlien;
 ^~~~~~
../src/Pixel.h:31:84: error: parameter 'g' has just a forward declaration
 void initAlien(struct Alien* alien, uint8_t posX, uint8_t posY, uint8_t r, uint8_t g; uint8_t b);
                                                                                    ^
../src/Pixel.h:31:73: error: parameter 'r' has just a forward declaration
 void initAlien(struct Alien* alien, uint8_t posX, uint8_t posY, uint8_t r, uint8_t g; uint8_t b);
                                                                         ^
../src/Pixel.h:31:59: error: parameter 'posY' has just a forward declaration
 void initAlien(struct Alien* alien, uint8_t posX, uint8_t posY, uint8_t r, uint8_t g; uint8_t b);
                                                           ^~~~
../src/Pixel.h:31:45: error: parameter 'posX' has just a forward declaration
 void initAlien(struct Alien* alien, uint8_t posX, uint8_t posY, uint8_t r, uint8_t g; uint8_t b);
                                             ^~~~
../src/Pixel.h:31:30: error: parameter 'alien' has just a forward declaration
 void initAlien(struct Alien* alien, uint8_t posX, uint8_t posY, uint8_t r, uint8_t g; uint8_t b);
                              ^~~~~
../src/Pixel.c:72:6: error: conflicting types for 'initAlien'
 void initAlien(struct Alien* alien, uint8_t posX, uint8_t posY, uint8_t r, uint8_t g, uint8_t b){
      ^~~~~~~~~
In file included from ../src/Pixel.c:8:0:
../src/Pixel.h:31:6: note: previous declaration of 'initAlien' was here
 void initAlien(struct Alien* alien, uint8_t posX, uint8_t posY, uint8_t r, uint8_t g; uint8_t b);
      ^~~~~~~~~
../src/Pixel.c: In function 'initAlien':
../src/Pixel.c:73:10: error: 'alien' is a pointer; did you mean to use '->'?
     alien.posX = posX;
          ^
          ->
../src/Pixel.c:74:10: error: 'alien' is a pointer; did you mean to use '->'?
     alien.posY = posY;
          ^
          ->
../src/Pixel.c:75:10: error: 'alien' is a pointer; did you mean to use '->'?
     alien.r = r;
          ^
          ->
../src/Pixel.c:76:10: error: 'alien' is a pointer; did you mean to use '->'?
     alien.g = g;
          ^
          ->
../src/Pixel.c:77:10: error: 'alien' is a pointer; did you mean to use '->'?
     alien.b = b;
          ^
          ->
../src/Pixel.c: In function 'setup':
../src/Pixel.c:88:5: error: 'OpenChannel' undeclared (first use in this function)
     OpenChannel=0;
     ^~~~~~~~~~~
../src/Pixel.c:88:5: note: each undeclared identifier is reported only once for each function it appears in
../src/Pixel.c:91:15: error: incompatible type for argument 1 of 'initAlien'
     initAlien(asd, 4,4,0,255,0);
               ^~~
../src/Pixel.c:72:6: note: expected 'struct Alien *' but argument is of type 'struct Alien'
 void initAlien(struct Alien* alien, uint8_t posX, uint8_t posY, uint8_t r, uint8_t g, uint8_t b){
      ^~~~~~~~~
make: *** [src/Pixel.o] Error 1
17:56:09 **** Auto Build of configuration Debug for project Embedded_Exercise_normal ****
make pre-build main-build 
a9-linaro-pre-build-step
 
Building file: ../src/Pixel.c
Invoking: ARM v7 gcc compiler
arm-none-eabi-gcc -Wall -O0 -g3 -c -fmessage-length=0 -MT"src/Pixel.o" -mcpu=cortex-a9 -mfpu=vfpv3 -mfloat-abi=hard -I../../Embedded_Exercise_bsp/ps7_cortexa9_0/include -MMD -MP -MF"src/Pixel.d" -MT"src/Pixel.o" -o "src/Pixel.o" "../src/Pixel.c"
In file included from ../src/Pixel.c:8:0:
../src/Pixel.h:30:1: error: expected ';', identifier or '(' before 'struct'
 struct Alien currentAlien;
 ^~~~~~
../src/Pixel.h:31:84: error: parameter 'g' has just a forward declaration
 void initAlien(struct Alien* alien, uint8_t posX, uint8_t posY, uint8_t r, uint8_t g; uint8_t b);
                                                                                    ^
../src/Pixel.h:31:73: error: parameter 'r' has just a forward declaration
 void initAlien(struct Alien* alien, uint8_t posX, uint8_t posY, uint8_t r, uint8_t g; uint8_t b);
                                                                         ^
../src/Pixel.h:31:59: error: parameter 'posY' has just a forward declaration
 void initAlien(struct Alien* alien, uint8_t posX, uint8_t posY, uint8_t r, uint8_t g; uint8_t b);
                                                           ^~~~
../src/Pixel.h:31:45: error: parameter 'posX' has just a forward declaration
 void initAlien(struct Alien* alien, uint8_t posX, uint8_t posY, uint8_t r, uint8_t g; uint8_t b);
                                             ^~~~
../src/Pixel.h:31:30: error: parameter 'alien' has just a forward declaration
 void initAlien(struct Alien* alien, uint8_t posX, uint8_t posY, uint8_t r, uint8_t g; uint8_t b);
                              ^~~~~
../src/Pixel.c:72:6: error: conflicting types for 'initAlien'
 void initAlien(struct Alien* alien, uint8_t posX, uint8_t posY, uint8_t r, uint8_t g, uint8_t b){
      ^~~~~~~~~
In file included from ../src/Pixel.c:8:0:
../src/Pixel.h:31:6: note: previous declaration of 'initAlien' was here
 void initAlien(struct Alien* alien, uint8_t posX, uint8_t posY, uint8_t r, uint8_t g; uint8_t b);
      ^~~~~~~~~
../src/Pixel.c: In function 'setup':
../src/Pixel.c:88:5: error: 'OpenChannel' undeclared (first use in this function)
     OpenChannel=0;
     ^~~~~~~~~~~
../src/Pixel.c:88:5: note: each undeclared identifier is reported only once for each function it appears in
../src/Pixel.c:91:15: error: incompatible type for argument 1 of 'initAlien'
     initAlien(asd, 4,4,0,255,0);
               ^~~
../src/Pixel.c:72:6: note: expected 'struct Alien *' but argument is of type 'struct Alien'
 void initAlien(struct Alien* alien, uint8_t posX, uint8_t posY, uint8_t r, uint8_t g, uint8_t b){
      ^~~~~~~~~
make: *** [src/Pixel.o] Error 1
17:57:28 **** Auto Build of configuration Debug for project Embedded_Exercise_normal ****
make pre-build main-build 
a9-linaro-pre-build-step
 
Building file: ../src/Pixel.c
Invoking: ARM v7 gcc compiler
arm-none-eabi-gcc -Wall -O0 -g3 -c -fmessage-length=0 -MT"src/Pixel.o" -mcpu=cortex-a9 -mfpu=vfpv3 -mfloat-abi=hard -I../../Embedded_Exercise_bsp/ps7_cortexa9_0/include -MMD -MP -MF"src/Pixel.d" -MT"src/Pixel.o" -o "src/Pixel.o" "../src/Pixel.c"
In file included from ../src/Pixel.c:8:0:
../src/Pixel.h:30:1: error: expected ';', identifier or '(' before 'struct'
 struct Alien currentAlien;
 ^~~~~~
../src/Pixel.h:31:84: error: parameter 'g' has just a forward declaration
 void initAlien(struct Alien* alien, uint8_t posX, uint8_t posY, uint8_t r, uint8_t g; uint8_t b);
                                                                                    ^
../src/Pixel.h:31:73: error: parameter 'r' has just a forward declaration
 void initAlien(struct Alien* alien, uint8_t posX, uint8_t posY, uint8_t r, uint8_t g; uint8_t b);
                                                                         ^
../src/Pixel.h:31:59: error: parameter 'posY' has just a forward declaration
 void initAlien(struct Alien* alien, uint8_t posX, uint8_t posY, uint8_t r, uint8_t g; uint8_t b);
                                                           ^~~~
../src/Pixel.h:31:45: error: parameter 'posX' has just a forward declaration
 void initAlien(struct Alien* alien, uint8_t posX, uint8_t posY, uint8_t r, uint8_t g; uint8_t b);
                                             ^~~~
../src/Pixel.h:31:30: error: parameter 'alien' has just a forward declaration
 void initAlien(struct Alien* alien, uint8_t posX, uint8_t posY, uint8_t r, uint8_t g; uint8_t b);
                              ^~~~~
../src/Pixel.c:73:6: error: conflicting types for 'initAlien'
 void initAlien(struct Alien* alien, uint8_t posX, uint8_t posY, uint8_t r, uint8_t g, uint8_t b){
      ^~~~~~~~~
In file included from ../src/Pixel.c:8:0:
../src/Pixel.h:31:6: note: previous declaration of 'initAlien' was here
 void initAlien(struct Alien* alien, uint8_t posX, uint8_t posY, uint8_t r, uint8_t g; uint8_t b);
      ^~~~~~~~~
../src/Pixel.c: In function 'setup':
../src/Pixel.c:92:15: error: incompatible type for argument 1 of 'initAlien'
     initAlien(asd, 4,4,0,255,0);
               ^~~
../src/Pixel.c:73:6: note: expected 'struct Alien *' but argument is of type 'struct Alien'
 void initAlien(struct Alien* alien, uint8_t posX, uint8_t posY, uint8_t r, uint8_t g, uint8_t b){
      ^~~~~~~~~
make: *** [src/Pixel.o] Error 1
17:58:02 **** Auto Build of configuration Debug for project Embedded_Exercise_normal ****
make pre-build main-build 
a9-linaro-pre-build-step
 
Building file: ../src/Pixel.c
Invoking: ARM v7 gcc compiler
arm-none-eabi-gcc -Wall -O0 -g3 -c -fmessage-length=0 -MT"src/Pixel.o" -mcpu=cortex-a9 -mfpu=vfpv3 -mfloat-abi=hard -I../../Embedded_Exercise_bsp/ps7_cortexa9_0/include -MMD -MP -MF"src/Pixel.d" -MT"src/Pixel.o" -o "src/Pixel.o" "../src/Pixel.c"
In file included from ../src/Pixel.c:8:0:
../src/Pixel.h:30:1: error: expected ';', identifier or '(' before 'struct'
 struct Alien currentAlien;
 ^~~~~~
../src/Pixel.h:31:84: error: parameter 'g' has just a forward declaration
 void initAlien(struct Alien* alien, uint8_t posX, uint8_t posY, uint8_t r, uint8_t g; uint8_t b);
                                                                                    ^
../src/Pixel.h:31:73: error: parameter 'r' has just a forward declaration
 void initAlien(struct Alien* alien, uint8_t posX, uint8_t posY, uint8_t r, uint8_t g; uint8_t b);
                                                                         ^
../src/Pixel.h:31:59: error: parameter 'posY' has just a forward declaration
 void initAlien(struct Alien* alien, uint8_t posX, uint8_t posY, uint8_t r, uint8_t g; uint8_t b);
                                                           ^~~~
../src/Pixel.h:31:45: error: parameter 'posX' has just a forward declaration
 void initAlien(struct Alien* alien, uint8_t posX, uint8_t posY, uint8_t r, uint8_t g; uint8_t b);
                                             ^~~~
../src/Pixel.h:31:30: error: parameter 'alien' has just a forward declaration
 void initAlien(struct Alien* alien, uint8_t posX, uint8_t posY, uint8_t r, uint8_t g; uint8_t b);
                              ^~~~~
../src/Pixel.c:73:28: error: expected ';', ',' or ')' before '&' token
 void initAlien(struct Alien& alien, uint8_t posX, uint8_t posY, uint8_t r, uint8_t g, uint8_t b){
                            ^
../src/Pixel.c: In function 'setup':
../src/Pixel.c:92:15: error: incompatible type for argument 1 of 'initAlien'
     initAlien(asd, 4,4,0,255,0);
               ^~~
In file included from ../src/Pixel.c:8:0:
../src/Pixel.h:31:6: note: expected 'uint8_t {aka unsigned char}' but argument is of type 'struct Alien'
 void initAlien(struct Alien* alien, uint8_t posX, uint8_t posY, uint8_t r, uint8_t g; uint8_t b);
      ^~~~~~~~~
../src/Pixel.c:92:5: error: too many arguments to function 'initAlien'
     initAlien(asd, 4,4,0,255,0);
     ^~~~~~~~~
In file included from ../src/Pixel.c:8:0:
../src/Pixel.h:31:6: note: declared here
 void initAlien(struct Alien* alien, uint8_t posX, uint8_t posY, uint8_t r, uint8_t g; uint8_t b);
      ^~~~~~~~~
make: *** [src/Pixel.o] Error 1
17:58:46 **** Auto Build of configuration Debug for project Embedded_Exercise_normal ****
make pre-build main-build 
a9-linaro-pre-build-step
 
Building file: ../src/Pixel.c
Invoking: ARM v7 gcc compiler
arm-none-eabi-gcc -Wall -O0 -g3 -c -fmessage-length=0 -MT"src/Pixel.o" -mcpu=cortex-a9 -mfpu=vfpv3 -mfloat-abi=hard -I../../Embedded_Exercise_bsp/ps7_cortexa9_0/include -MMD -MP -MF"src/Pixel.d" -MT"src/Pixel.o" -o "src/Pixel.o" "../src/Pixel.c"
In file included from ../src/Pixel.c:8:0:
../src/Pixel.h:30:1: error: expected ';', identifier or '(' before 'struct'
 struct Alien currentAlien;
 ^~~~~~
../src/Pixel.h:31:84: error: parameter 'g' has just a forward declaration
 void initAlien(struct Alien* alien, uint8_t posX, uint8_t posY, uint8_t r, uint8_t g; uint8_t b);
                                                                                    ^
../src/Pixel.h:31:73: error: parameter 'r' has just a forward declaration
 void initAlien(struct Alien* alien, uint8_t posX, uint8_t posY, uint8_t r, uint8_t g; uint8_t b);
                                                                         ^
../src/Pixel.h:31:59: error: parameter 'posY' has just a forward declaration
 void initAlien(struct Alien* alien, uint8_t posX, uint8_t posY, uint8_t r, uint8_t g; uint8_t b);
                                                           ^~~~
../src/Pixel.h:31:45: error: parameter 'posX' has just a forward declaration
 void initAlien(struct Alien* alien, uint8_t posX, uint8_t posY, uint8_t r, uint8_t g; uint8_t b);
                                             ^~~~
../src/Pixel.h:31:30: error: parameter 'alien' has just a forward declaration
 void initAlien(struct Alien* alien, uint8_t posX, uint8_t posY, uint8_t r, uint8_t g; uint8_t b);
                              ^~~~~
../src/Pixel.c:73:6: error: conflicting types for 'initAlien'
 void initAlien(struct Alien* alien, uint8_t posX, uint8_t posY, uint8_t r, uint8_t g, uint8_t b){
      ^~~~~~~~~
In file included from ../src/Pixel.c:8:0:
../src/Pixel.h:31:6: note: previous declaration of 'initAlien' was here
 void initAlien(struct Alien* alien, uint8_t posX, uint8_t posY, uint8_t r, uint8_t g; uint8_t b);
      ^~~~~~~~~
make: *** [src/Pixel.o] Error 1
18:00:31 **** Auto Build of configuration Debug for project Embedded_Exercise_normal ****
make pre-build main-build 
a9-linaro-pre-build-step
 
Building file: ../src/Pixel.c
Invoking: ARM v7 gcc compiler
arm-none-eabi-gcc -Wall -O0 -g3 -c -fmessage-length=0 -MT"src/Pixel.o" -mcpu=cortex-a9 -mfpu=vfpv3 -mfloat-abi=hard -I../../Embedded_Exercise_bsp/ps7_cortexa9_0/include -MMD -MP -MF"src/Pixel.d" -MT"src/Pixel.o" -o "src/Pixel.o" "../src/Pixel.c"
In file included from ../src/Pixel.c:8:0:
../src/Pixel.h:30:1: error: expected ';', identifier or '(' before 'struct'
 struct Alien currentAlien;
 ^~~~~~
../src/Pixel.h:31:84: error: parameter 'g' has just a forward declaration
 void initAlien(struct Alien* alien, uint8_t posX, uint8_t posY, uint8_t r, uint8_t g; uint8_t b);
                                                                                    ^
../src/Pixel.h:31:73: error: parameter 'r' has just a forward declaration
 void initAlien(struct Alien* alien, uint8_t posX, uint8_t posY, uint8_t r, uint8_t g; uint8_t b);
                                                                         ^
../src/Pixel.h:31:59: error: parameter 'posY' has just a forward declaration
 void initAlien(struct Alien* alien, uint8_t posX, uint8_t posY, uint8_t r, uint8_t g; uint8_t b);
                                                           ^~~~
../src/Pixel.h:31:45: error: parameter 'posX' has just a forward declaration
 void initAlien(struct Alien* alien, uint8_t posX, uint8_t posY, uint8_t r, uint8_t g; uint8_t b);
                                             ^~~~
../src/Pixel.h:31:30: error: parameter 'alien' has just a forward declaration
 void initAlien(struct Alien* alien, uint8_t posX, uint8_t posY, uint8_t r, uint8_t g; uint8_t b);
                              ^~~~~
../src/Pixel.c:72:8: error: redefinition of 'struct Alien'
 struct Alien {
        ^~~~~
In file included from ../src/Pixel.c:8:0:
../src/Pixel.h:21:8: note: originally defined here
 struct Alien{
        ^~~~~
../src/Pixel.c:80:6: error: conflicting types for 'initAlien'
 void initAlien(struct Alien* alien, uint8_t posX, uint8_t posY, uint8_t r, uint8_t g, uint8_t b){
      ^~~~~~~~~
In file included from ../src/Pixel.c:8:0:
../src/Pixel.h:31:6: note: previous declaration of 'initAlien' was here
 void initAlien(struct Alien* alien, uint8_t posX, uint8_t posY, uint8_t r, uint8_t g; uint8_t b);
      ^~~~~~~~~
../src/Pixel.c: In function 'setup':
../src/Pixel.c:100:18: error: incompatible types when assigning to type 'struct Alien' from type 'struct Alien'
     currentAlien = asd;
                  ^
make: *** [src/Pixel.o] Error 1
18:01:18 **** Incremental Build of configuration Debug for project Embedded_Exercise_normal ****
make pre-build main-build 
a9-linaro-pre-build-step
 
Building file: ../src/Pixel.c
Invoking: ARM v7 gcc compiler
arm-none-eabi-gcc -Wall -O0 -g3 -c -fmessage-length=0 -MT"src/Pixel.o" -mcpu=cortex-a9 -mfpu=vfpv3 -mfloat-abi=hard -I../../Embedded_Exercise_bsp/ps7_cortexa9_0/include -MMD -MP -MF"src/Pixel.d" -MT"src/Pixel.o" -o "src/Pixel.o" "../src/Pixel.c"
In file included from ../src/Pixel.c:8:0:
../src/Pixel.h:24:84: error: parameter 'g' has just a forward declaration
 void initAlien(struct Alien* alien, uint8_t posX, uint8_t posY, uint8_t r, uint8_t g; uint8_t b);
                                                                                    ^
../src/Pixel.h:24:73: error: parameter 'r' has just a forward declaration
 void initAlien(struct Alien* alien, uint8_t posX, uint8_t posY, uint8_t r, uint8_t g; uint8_t b);
                                                                         ^
../src/Pixel.h:24:59: error: parameter 'posY' has just a forward declaration
 void initAlien(struct Alien* alien, uint8_t posX, uint8_t posY, uint8_t r, uint8_t g; uint8_t b);
                                                           ^~~~
../src/Pixel.h:24:45: error: parameter 'posX' has just a forward declaration
 void initAlien(struct Alien* alien, uint8_t posX, uint8_t posY, uint8_t r, uint8_t g; uint8_t b);
                                             ^~~~
../src/Pixel.h:24:30: error: parameter 'alien' has just a forward declaration
 void initAlien(struct Alien* alien, uint8_t posX, uint8_t posY, uint8_t r, uint8_t g; uint8_t b);
                              ^~~~~
../src/Pixel.c:80:6: error: conflicting types for 'initAlien'
 void initAlien(struct Alien* alien, uint8_t posX, uint8_t posY, uint8_t r, uint8_t g, uint8_t b){
      ^~~~~~~~~
In file included from ../src/Pixel.c:8:0:
../src/Pixel.h:24:6: note: previous declaration of 'initAlien' was here
 void initAlien(struct Alien* alien, uint8_t posX, uint8_t posY, uint8_t r, uint8_t g; uint8_t b);
      ^~~~~~~~~
make: *** [src/Pixel.o] Error 1
18:02:38 **** Auto Build of configuration Debug for project Embedded_Exercise_normal ****
make pre-build main-build 
a9-linaro-pre-build-step
 
Building file: ../src/Pixel.c
Invoking: ARM v7 gcc compiler
arm-none-eabi-gcc -Wall -O0 -g3 -c -fmessage-length=0 -MT"src/Pixel.o" -mcpu=cortex-a9 -mfpu=vfpv3 -mfloat-abi=hard -I../../Embedded_Exercise_bsp/ps7_cortexa9_0/include -MMD -MP -MF"src/Pixel.d" -MT"src/Pixel.o" -o "src/Pixel.o" "../src/Pixel.c"
In file included from ../src/Pixel.c:8:0:
../src/Pixel.h:24:84: error: parameter 'g' has just a forward declaration
 void initAlien(struct Alien* alien, uint8_t posX, uint8_t posY, uint8_t r, uint8_t g; uint8_t b);
                                                                                    ^
../src/Pixel.h:24:73: error: parameter 'r' has just a forward declaration
 void initAlien(struct Alien* alien, uint8_t posX, uint8_t posY, uint8_t r, uint8_t g; uint8_t b);
                                                                         ^
../src/Pixel.h:24:59: error: parameter 'posY' has just a forward declaration
 void initAlien(struct Alien* alien, uint8_t posX, uint8_t posY, uint8_t r, uint8_t g; uint8_t b);
                                                           ^~~~
../src/Pixel.h:24:45: error: parameter 'posX' has just a forward declaration
 void initAlien(struct Alien* alien, uint8_t posX, uint8_t posY, uint8_t r, uint8_t g; uint8_t b);
                                             ^~~~
../src/Pixel.h:24:30: error: parameter 'alien' has just a forward declaration
 void initAlien(struct Alien* alien, uint8_t posX, uint8_t posY, uint8_t r, uint8_t g; uint8_t b);
                              ^~~~~
../src/Pixel.c:80:6: error: conflicting types for 'initAlien'
 void initAlien(struct Alien* alien, uint8_t posX, uint8_t posY, uint8_t r, uint8_t g, uint8_t b){
      ^~~~~~~~~
In file included from ../src/Pixel.c:8:0:
../src/Pixel.h:24:6: note: previous declaration of 'initAlien' was here
 void initAlien(struct Alien* alien, uint8_t posX, uint8_t posY, uint8_t r, uint8_t g; uint8_t b);
      ^~~~~~~~~
make: *** [src/Pixel.o] Error 1
18:03:16 **** Auto Build of configuration Debug for project Embedded_Exercise_normal ****
make pre-build main-build 
a9-linaro-pre-build-step
 
Building file: ../src/Pixel.c
Invoking: ARM v7 gcc compiler
arm-none-eabi-gcc -Wall -O0 -g3 -c -fmessage-length=0 -MT"src/Pixel.o" -mcpu=cortex-a9 -mfpu=vfpv3 -mfloat-abi=hard -I../../Embedded_Exercise_bsp/ps7_cortexa9_0/include -MMD -MP -MF"src/Pixel.d" -MT"src/Pixel.o" -o "src/Pixel.o" "../src/Pixel.c"
In file included from ../src/Pixel.c:8:0:
../src/Pixel.h:24:84: error: parameter 'g' has just a forward declaration
 void initAlien(struct Alien* alien, uint8_t posX, uint8_t posY, uint8_t r, uint8_t g; uint8_t b);
                                                                                    ^
../src/Pixel.h:24:73: error: parameter 'r' has just a forward declaration
 void initAlien(struct Alien* alien, uint8_t posX, uint8_t posY, uint8_t r, uint8_t g; uint8_t b);
                                                                         ^
../src/Pixel.h:24:59: error: parameter 'posY' has just a forward declaration
 void initAlien(struct Alien* alien, uint8_t posX, uint8_t posY, uint8_t r, uint8_t g; uint8_t b);
                                                           ^~~~
../src/Pixel.h:24:45: error: parameter 'posX' has just a forward declaration
 void initAlien(struct Alien* alien, uint8_t posX, uint8_t posY, uint8_t r, uint8_t g; uint8_t b);
                                             ^~~~
../src/Pixel.h:24:30: error: parameter 'alien' has just a forward declaration
 void initAlien(struct Alien* alien, uint8_t posX, uint8_t posY, uint8_t r, uint8_t g; uint8_t b);
                              ^~~~~
../src/Pixel.c:80:6: error: conflicting types for 'initAlien'
 void initAlien(struct Alien* alien, uint8_t posX, uint8_t posY, uint8_t r, uint8_t g, uint8_t b){
      ^~~~~~~~~
In file included from ../src/Pixel.c:8:0:
../src/Pixel.h:24:6: note: previous declaration of 'initAlien' was here
 void initAlien(struct Alien* alien, uint8_t posX, uint8_t posY, uint8_t r, uint8_t g; uint8_t b);
      ^~~~~~~~~
../src/Pixel.c: In function 'setup':
../src/Pixel.c:100:18: error: incompatible types when assigning to type 'struct Alien *' from type 'struct Alien'
     currentAlien = asd;
                  ^
../src/Pixel.c: In function 'drawAlien':
../src/Pixel.c:127:26: error: 'currentAlien' is a pointer; did you mean to use '->'?
     SetPixel(currentAlien.posX, currentAlien.posY, currentAlien.r, currentAlien.g, currentAlien.b);
                          ^
                          ->
../src/Pixel.c:127:45: error: 'currentAlien' is a pointer; did you mean to use '->'?
     SetPixel(currentAlien.posX, currentAlien.posY, currentAlien.r, currentAlien.g, currentAlien.b);
                                             ^
                                             ->
../src/Pixel.c:127:64: error: 'currentAlien' is a pointer; did you mean to use '->'?
     SetPixel(currentAlien.posX, currentAlien.posY, currentAlien.r, currentAlien.g, currentAlien.b);
                                                                ^
                                                                ->
../src/Pixel.c:127:80: error: 'currentAlien' is a pointer; did you mean to use '->'?
     SetPixel(currentAlien.posX, currentAlien.posY, currentAlien.r, currentAlien.g, currentAlien.b);
                                                                                ^
                                                                                ->
../src/Pixel.c:127:96: error: 'currentAlien' is a pointer; did you mean to use '->'?
     SetPixel(currentAlien.posX, currentAlien.posY, currentAlien.r, currentAlien.g, currentAlien.b);
                                                                                                ^
                                                                                                ->
make: *** [src/Pixel.o] Error 1
18:06:38 **** Auto Build of configuration Debug for project Embedded_Exercise_normal ****
make pre-build main-build 
a9-linaro-pre-build-step
 
Building file: ../src/Pixel.c
Invoking: ARM v7 gcc compiler
arm-none-eabi-gcc -Wall -O0 -g3 -c -fmessage-length=0 -MT"src/Pixel.o" -mcpu=cortex-a9 -mfpu=vfpv3 -mfloat-abi=hard -I../../Embedded_Exercise_bsp/ps7_cortexa9_0/include -MMD -MP -MF"src/Pixel.d" -MT"src/Pixel.o" -o "src/Pixel.o" "../src/Pixel.c"
../src/Pixel.c:73:8: error: redefinition of 'struct Alien'
 struct Alien {
        ^~~~~
In file included from ../src/Pixel.c:8:0:
../src/Pixel.h:22:8: note: originally defined here
 struct Alien {
        ^~~~~
../src/Pixel.c:82:6: error: conflicting types for 'initAlien'
 void initAlien(struct Alien* alien, uint8_t posX, uint8_t posY, uint8_t r, uint8_t g, uint8_t b) {
      ^~~~~~~~~
In file included from ../src/Pixel.c:8:0:
../src/Pixel.h:31:6: note: previous declaration of 'initAlien' was here
 void initAlien(struct Alien* alien, uint8_t posX, uint8_t posY, uint8_t r, uint8_t g, uint8_t b);
      ^~~~~~~~~
make: *** [src/Pixel.o] Error 1
18:06:51 **** Auto Build of configuration Debug for project Embedded_Exercise_normal ****
make pre-build main-build 
a9-linaro-pre-build-step
 
Building file: ../src/Pixel.c
Invoking: ARM v7 gcc compiler
arm-none-eabi-gcc -Wall -O0 -g3 -c -fmessage-length=0 -MT"src/Pixel.o" -mcpu=cortex-a9 -mfpu=vfpv3 -mfloat-abi=hard -I../../Embedded_Exercise_bsp/ps7_cortexa9_0/include -MMD -MP -MF"src/Pixel.d" -MT"src/Pixel.o" -o "src/Pixel.o" "../src/Pixel.c"
../src/Pixel.c:73:8: error: redefinition of 'struct Alien'
 struct Alien {
        ^~~~~
In file included from ../src/Pixel.c:8:0:
../src/Pixel.h:22:8: note: originally defined here
 struct Alien {
        ^~~~~
../src/Pixel.c:82:6: error: conflicting types for 'initAlien'
 void initAlien(struct Alien* alien, uint8_t posX, uint8_t posY, uint8_t r, uint8_t g, uint8_t b) {
      ^~~~~~~~~
In file included from ../src/Pixel.c:8:0:
../src/Pixel.h:31:6: note: previous declaration of 'initAlien' was here
 void initAlien(struct Alien* alien, uint8_t posX, uint8_t posY, uint8_t r, uint8_t g, uint8_t b);
      ^~~~~~~~~
make: *** [src/Pixel.o] Error 1
18:08:12 **** Auto Build of configuration Debug for project Embedded_Exercise_normal ****
make pre-build main-build 
a9-linaro-pre-build-step
 
Building file: ../src/Pixel.c
Invoking: ARM v7 gcc compiler
arm-none-eabi-gcc -Wall -O0 -g3 -c -fmessage-length=0 -MT"src/Pixel.o" -mcpu=cortex-a9 -mfpu=vfpv3 -mfloat-abi=hard -I../../Embedded_Exercise_bsp/ps7_cortexa9_0/include -MMD -MP -MF"src/Pixel.d" -MT"src/Pixel.o" -o "src/Pixel.o" "../src/Pixel.c"
Finished building: ../src/Pixel.c
 
Building file: ../src/blinker.S
Invoking: ARM v7 gcc compiler
arm-none-eabi-gcc -Wall -O0 -g3 -c -fmessage-length=0 -MT"src/blinker.o" -mcpu=cortex-a9 -mfpu=vfpv3 -mfloat-abi=hard -I../../Embedded_Exercise_bsp/ps7_cortexa9_0/include -MMD -MP -MF"src/blinker.d" -MT"src/blinker.o" -o "src/blinker.o" "../src/blinker.S"
Finished building: ../src/blinker.S
 
Building file: ../src/main.c
Invoking: ARM v7 gcc compiler
arm-none-eabi-gcc -Wall -O0 -g3 -c -fmessage-length=0 -MT"src/main.o" -mcpu=cortex-a9 -mfpu=vfpv3 -mfloat-abi=hard -I../../Embedded_Exercise_bsp/ps7_cortexa9_0/include -MMD -MP -MF"src/main.d" -MT"src/main.o" -o "src/main.o" "../src/main.c"
Finished building: ../src/main.c
 
Building file: ../src/platform.c
Invoking: ARM v7 gcc compiler
arm-none-eabi-gcc -Wall -O0 -g3 -c -fmessage-length=0 -MT"src/platform.o" -mcpu=cortex-a9 -mfpu=vfpv3 -mfloat-abi=hard -I../../Embedded_Exercise_bsp/ps7_cortexa9_0/include -MMD -MP -MF"src/platform.d" -MT"src/platform.o" -o "src/platform.o" "../src/platform.c"
Finished building: ../src/platform.c
 
Building target: Embedded_Exercise_normal.elf
Invoking: ARM v7 gcc linker
arm-none-eabi-gcc -mcpu=cortex-a9 -mfpu=vfpv3 -mfloat-abi=hard -Wl,-build-id=none -specs=Xilinx.spec -Wl,-T -Wl,../src/lscript.ld -L../../Embedded_Exercise_bsp/ps7_cortexa9_0/lib -o "Embedded_Exercise_normal.elf"  ./src/Interrupt_setup.o ./src/Pixel.o ./src/blinker.o ./src/main.o ./src/platform.o   -Wl,--start-group,-lxil,-lgcc,-lc,--end-group
Finished building target: Embedded_Exercise_normal.elf
 
Invoking: ARM v7 Print Size
arm-none-eabi-size Embedded_Exercise_normal.elf  |tee "Embedded_Exercise_normal.elf.size"
   text	   data	    bss	    dec	    hex	filename
  35336	   2828	  22856	  61020	   ee5c	Embedded_Exercise_normal.elf
Finished building: Embedded_Exercise_normal.elf.size
 
18:08:21 **** Incremental Build of configuration Debug for project Embedded_Exercise_normal ****
make pre-build main-build 
a9-linaro-pre-build-step
 
make: Nothing to be done for `main-build'.
18:20:20 **** Auto Build of configuration Debug for project Embedded_Exercise_normal ****
make pre-build main-build 
a9-linaro-pre-build-step
 
Building file: ../src/Pixel.c
Invoking: ARM v7 gcc compiler
arm-none-eabi-gcc -Wall -O0 -g3 -c -fmessage-length=0 -MT"src/Pixel.o" -mcpu=cortex-a9 -mfpu=vfpv3 -mfloat-abi=hard -I../../Embedded_Exercise_bsp/ps7_cortexa9_0/include -MMD -MP -MF"src/Pixel.d" -MT"src/Pixel.o" -o "src/Pixel.o" "../src/Pixel.c"
../src/Pixel.c: In function 'drawAlien':
../src/Pixel.c:141:33: error: 'struct Alien' has no member named 'PixelCoords'
         uint8_t x = currentAlien.PixelCoords[i].x;
                                 ^
../src/Pixel.c:142:33: error: 'struct Alien' has no member named 'PixelCoords'
         uint8_t y = currentAlien.PixelCoords[i].y;
                                 ^
make: *** [src/Pixel.o] Error 1
18:21:35 **** Auto Build of configuration Debug for project Embedded_Exercise_normal ****
make pre-build main-build 
a9-linaro-pre-build-step
 
Building file: ../src/Pixel.c
Invoking: ARM v7 gcc compiler
arm-none-eabi-gcc -Wall -O0 -g3 -c -fmessage-length=0 -MT"src/Pixel.o" -mcpu=cortex-a9 -mfpu=vfpv3 -mfloat-abi=hard -I../../Embedded_Exercise_bsp/ps7_cortexa9_0/include -MMD -MP -MF"src/Pixel.d" -MT"src/Pixel.o" -o "src/Pixel.o" "../src/Pixel.c"
In file included from ../src/Pixel.c:8:0:
../src/Pixel.h:34:5: error: unknown type name 'PixelCoords'
     PixelCoords pixels[4]; // Array of 5 PixelCoords structs (you can change the size as needed)
     ^~~~~~~~~~~
../src/Pixel.c: In function 'setAlienPixels':
../src/Pixel.c:85:25: error: request for member 'x' in something not a structure or union
         alien->pixels[i].x = 0;
                         ^
../src/Pixel.c:86:25: error: request for member 'y' in something not a structure or union
         alien->pixels[i].y = 0;
                         ^
../src/Pixel.c:90:21: error: request for member 'x' in something not a structure or union
     alien->pixels[0].x = posX;       // Top-left
                     ^
../src/Pixel.c:91:21: error: request for member 'y' in something not a structure or union
     alien->pixels[0].y = posY;
                     ^
../src/Pixel.c:93:21: error: request for member 'x' in something not a structure or union
     alien->pixels[1].x = posX + 1;   // Top-right
                     ^
../src/Pixel.c:94:21: error: request for member 'y' in something not a structure or union
     alien->pixels[1].y = posY;
                     ^
../src/Pixel.c:96:21: error: request for member 'x' in something not a structure or union
     alien->pixels[2].x = posX;       // Bottom-left
                     ^
../src/Pixel.c:97:21: error: request for member 'y' in something not a structure or union
     alien->pixels[2].y = posY + 1;
                     ^
../src/Pixel.c:99:21: error: request for member 'x' in something not a structure or union
     alien->pixels[3].x = posX + 1;   // Bottom-right
                     ^
../src/Pixel.c:100:21: error: request for member 'y' in something not a structure or union
     alien->pixels[3].y = posY + 1;
                     ^
../src/Pixel.c: In function 'drawAlien':
../src/Pixel.c:141:43: error: request for member 'x' in something not a structure or union
         uint8_t x = currentAlien.pixels[i].x;
                                           ^
../src/Pixel.c:142:43: error: request for member 'y' in something not a structure or union
         uint8_t y = currentAlien.pixels[i].y;
                                           ^
make: *** [src/Pixel.o] Error 1
18:24:30 **** Auto Build of configuration Debug for project Embedded_Exercise_normal ****
make pre-build main-build 
a9-linaro-pre-build-step
 
Building file: ../src/Pixel.c
Invoking: ARM v7 gcc compiler
arm-none-eabi-gcc -Wall -O0 -g3 -c -fmessage-length=0 -MT"src/Pixel.o" -mcpu=cortex-a9 -mfpu=vfpv3 -mfloat-abi=hard -I../../Embedded_Exercise_bsp/ps7_cortexa9_0/include -MMD -MP -MF"src/Pixel.d" -MT"src/Pixel.o" -o "src/Pixel.o" "../src/Pixel.c"
In file included from ../src/Pixel.c:8:0:
../src/Pixel.h:33:23: error: array type has incomplete element type 'struct PixelCoord'
     struct PixelCoord pixels[4];  // Array of PixelCoord structs (to hold the 4 pixels)
                       ^~~~~~
make: *** [src/Pixel.o] Error 1
18:26:09 **** Auto Build of configuration Debug for project Embedded_Exercise_normal ****
make pre-build main-build 
a9-linaro-pre-build-step
 
Building file: ../src/Pixel.c
Invoking: ARM v7 gcc compiler
arm-none-eabi-gcc -Wall -O0 -g3 -c -fmessage-length=0 -MT"src/Pixel.o" -mcpu=cortex-a9 -mfpu=vfpv3 -mfloat-abi=hard -I../../Embedded_Exercise_bsp/ps7_cortexa9_0/include -MMD -MP -MF"src/Pixel.d" -MT"src/Pixel.o" -o "src/Pixel.o" "../src/Pixel.c"
Finished building: ../src/Pixel.c
 
Building file: ../src/main.c
Invoking: ARM v7 gcc compiler
arm-none-eabi-gcc -Wall -O0 -g3 -c -fmessage-length=0 -MT"src/main.o" -mcpu=cortex-a9 -mfpu=vfpv3 -mfloat-abi=hard -I../../Embedded_Exercise_bsp/ps7_cortexa9_0/include -MMD -MP -MF"src/main.d" -MT"src/main.o" -o "src/main.o" "../src/main.c"
Finished building: ../src/main.c
 
Building target: Embedded_Exercise_normal.elf
Invoking: ARM v7 gcc linker
arm-none-eabi-gcc -mcpu=cortex-a9 -mfpu=vfpv3 -mfloat-abi=hard -Wl,-build-id=none -specs=Xilinx.spec -Wl,-T -Wl,../src/lscript.ld -L../../Embedded_Exercise_bsp/ps7_cortexa9_0/lib -o "Embedded_Exercise_normal.elf"  ./src/Interrupt_setup.o ./src/Pixel.o ./src/blinker.o ./src/main.o ./src/platform.o   -Wl,--start-group,-lxil,-lgcc,-lc,--end-group
Finished building target: Embedded_Exercise_normal.elf
 
Invoking: ARM v7 Print Size
arm-none-eabi-size Embedded_Exercise_normal.elf  |tee "Embedded_Exercise_normal.elf.size"
   text	   data	    bss	    dec	    hex	filename
  35680	   2828	  22872	  61380	   efc4	Embedded_Exercise_normal.elf
Finished building: Embedded_Exercise_normal.elf.size
 
18:27:09 **** Auto Build of configuration Debug for project Embedded_Exercise_normal ****
make pre-build main-build 
a9-linaro-pre-build-step
 
Building file: ../src/Pixel.c
Invoking: ARM v7 gcc compiler
arm-none-eabi-gcc -Wall -O0 -g3 -c -fmessage-length=0 -MT"src/Pixel.o" -mcpu=cortex-a9 -mfpu=vfpv3 -mfloat-abi=hard -I../../Embedded_Exercise_bsp/ps7_cortexa9_0/include -MMD -MP -MF"src/Pixel.d" -MT"src/Pixel.o" -o "src/Pixel.o" "../src/Pixel.c"
../src/Pixel.c: In function 'initAlien':
../src/Pixel.c:80:20: warning: passing argument 1 of 'setAlienPixels' from incompatible pointer type [-Wincompatible-pointer-types]
     setAlienPixels(&alien, posX, posY);
                    ^
In file included from ../src/Pixel.c:8:0:
../src/Pixel.h:39:6: note: expected 'struct Alien *' but argument is of type 'struct Alien **'
 void setAlienPixels(struct Alien* alien, uint8_t posX, uint8_t posY);
      ^~~~~~~~~~~~~~
Finished building: ../src/Pixel.c
 
Building target: Embedded_Exercise_normal.elf
Invoking: ARM v7 gcc linker
arm-none-eabi-gcc -mcpu=cortex-a9 -mfpu=vfpv3 -mfloat-abi=hard -Wl,-build-id=none -specs=Xilinx.spec -Wl,-T -Wl,../src/lscript.ld -L../../Embedded_Exercise_bsp/ps7_cortexa9_0/lib -o "Embedded_Exercise_normal.elf"  ./src/Interrupt_setup.o ./src/Pixel.o ./src/blinker.o ./src/main.o ./src/platform.o   -Wl,--start-group,-lxil,-lgcc,-lc,--end-group
Finished building target: Embedded_Exercise_normal.elf
 
Invoking: ARM v7 Print Size
arm-none-eabi-size Embedded_Exercise_normal.elf  |tee "Embedded_Exercise_normal.elf.size"
   text	   data	    bss	    dec	    hex	filename
  35696	   2828	  22872	  61396	   efd4	Embedded_Exercise_normal.elf
Finished building: Embedded_Exercise_normal.elf.size
 
18:27:16 **** Incremental Build of configuration Debug for project Embedded_Exercise_normal ****
make pre-build main-build 
a9-linaro-pre-build-step
 
make: Nothing to be done for `main-build'.
18:27:43 **** Incremental Build of configuration Debug for project Embedded_Exercise_normal ****
make pre-build main-build 
a9-linaro-pre-build-step
 
make: Nothing to be done for `main-build'.
18:31:15 **** Auto Build of configuration Debug for project Embedded_Exercise_normal ****
make pre-build main-build 
a9-linaro-pre-build-step
 
Building file: ../src/Pixel.c
Invoking: ARM v7 gcc compiler
arm-none-eabi-gcc -Wall -O0 -g3 -c -fmessage-length=0 -MT"src/Pixel.o" -mcpu=cortex-a9 -mfpu=vfpv3 -mfloat-abi=hard -I../../Embedded_Exercise_bsp/ps7_cortexa9_0/include -MMD -MP -MF"src/Pixel.d" -MT"src/Pixel.o" -o "src/Pixel.o" "../src/Pixel.c"
../src/Pixel.c: In function 'initAlien':
../src/Pixel.c:80:20: warning: passing argument 1 of 'setAlienPixels' from incompatible pointer type [-Wincompatible-pointer-types]
     setAlienPixels(&alien, posX, posY);
                    ^
In file included from ../src/Pixel.c:8:0:
../src/Pixel.h:39:6: note: expected 'struct Alien *' but argument is of type 'struct Alien **'
 void setAlienPixels(struct Alien* alien, uint8_t posX, uint8_t posY);
      ^~~~~~~~~~~~~~
Finished building: ../src/Pixel.c
 
Building file: ../src/main.c
Invoking: ARM v7 gcc compiler
arm-none-eabi-gcc -Wall -O0 -g3 -c -fmessage-length=0 -MT"src/main.o" -mcpu=cortex-a9 -mfpu=vfpv3 -mfloat-abi=hard -I../../Embedded_Exercise_bsp/ps7_cortexa9_0/include -MMD -MP -MF"src/main.d" -MT"src/main.o" -o "src/main.o" "../src/main.c"
Finished building: ../src/main.c
 
Building target: Embedded_Exercise_normal.elf
Invoking: ARM v7 gcc linker
arm-none-eabi-gcc -mcpu=cortex-a9 -mfpu=vfpv3 -mfloat-abi=hard -Wl,-build-id=none -specs=Xilinx.spec -Wl,-T -Wl,../src/lscript.ld -L../../Embedded_Exercise_bsp/ps7_cortexa9_0/lib -o "Embedded_Exercise_normal.elf"  ./src/Interrupt_setup.o ./src/Pixel.o ./src/blinker.o ./src/main.o ./src/platform.o   -Wl,--start-group,-lxil,-lgcc,-lc,--end-group
Finished building target: Embedded_Exercise_normal.elf
 
Invoking: ARM v7 Print Size
arm-none-eabi-size Embedded_Exercise_normal.elf  |tee "Embedded_Exercise_normal.elf.size"
   text	   data	    bss	    dec	    hex	filename
  35696	   2828	  22872	  61396	   efd4	Embedded_Exercise_normal.elf
Finished building: Embedded_Exercise_normal.elf.size
 
18:31:20 **** Incremental Build of configuration Debug for project Embedded_Exercise_normal ****
make pre-build main-build 
a9-linaro-pre-build-step
 
make: Nothing to be done for `main-build'.
18:32:47 **** Auto Build of configuration Debug for project Embedded_Exercise_normal ****
make pre-build main-build 
a9-linaro-pre-build-step
 
Building file: ../src/Pixel.c
Invoking: ARM v7 gcc compiler
arm-none-eabi-gcc -Wall -O0 -g3 -c -fmessage-length=0 -MT"src/Pixel.o" -mcpu=cortex-a9 -mfpu=vfpv3 -mfloat-abi=hard -I../../Embedded_Exercise_bsp/ps7_cortexa9_0/include -MMD -MP -MF"src/Pixel.d" -MT"src/Pixel.o" -o "src/Pixel.o" "../src/Pixel.c"
../src/Pixel.c: In function 'initAlien':
../src/Pixel.c:80:20: warning: passing argument 1 of 'setAlienPixels' from incompatible pointer type [-Wincompatible-pointer-types]
     setAlienPixels(&alien, posX, posY);
                    ^
In file included from ../src/Pixel.c:8:0:
../src/Pixel.h:39:6: note: expected 'struct Alien *' but argument is of type 'struct Alien **'
 void setAlienPixels(struct Alien* alien, uint8_t posX, uint8_t posY);
      ^~~~~~~~~~~~~~
../src/Pixel.c: In function 'drawAlien':
../src/Pixel.c:142:5: warning: implicit declaration of function 'setPixel' [-Wimplicit-function-declaration]
     setPixel(currentAlien.posX, currentAlien.posX, currentAlien.r, currentAlien.g, currentAlien.b);
     ^~~~~~~~
Finished building: ../src/Pixel.c
 
Building target: Embedded_Exercise_normal.elf
Invoking: ARM v7 gcc linker
arm-none-eabi-gcc -mcpu=cortex-a9 -mfpu=vfpv3 -mfloat-abi=hard -Wl,-build-id=none -specs=Xilinx.spec -Wl,-T -Wl,../src/lscript.ld -L../../Embedded_Exercise_bsp/ps7_cortexa9_0/lib -o "Embedded_Exercise_normal.elf"  ./src/Interrupt_setup.o ./src/Pixel.o ./src/blinker.o ./src/main.o ./src/platform.o   -Wl,--start-group,-lxil,-lgcc,-lc,--end-group
./src/Pixel.o: In function `drawAlien':
C:\Users\MattiTuomela\software\Josuoikea\Sulari\Embedded_Exercise_normal\Debug/../src/Pixel.c:142: undefined reference to `setPixel'
collect2.exe: error: ld returned 1 exit status
make: *** [Embedded_Exercise_normal.elf] Error 1
18:33:07 **** Auto Build of configuration Debug for project Embedded_Exercise_normal ****
make pre-build main-build 
a9-linaro-pre-build-step
 
Building file: ../src/Pixel.c
Invoking: ARM v7 gcc compiler
arm-none-eabi-gcc -Wall -O0 -g3 -c -fmessage-length=0 -MT"src/Pixel.o" -mcpu=cortex-a9 -mfpu=vfpv3 -mfloat-abi=hard -I../../Embedded_Exercise_bsp/ps7_cortexa9_0/include -MMD -MP -MF"src/Pixel.d" -MT"src/Pixel.o" -o "src/Pixel.o" "../src/Pixel.c"
../src/Pixel.c: In function 'initAlien':
../src/Pixel.c:80:20: warning: passing argument 1 of 'setAlienPixels' from incompatible pointer type [-Wincompatible-pointer-types]
     setAlienPixels(&alien, posX, posY);
                    ^
In file included from ../src/Pixel.c:8:0:
../src/Pixel.h:39:6: note: expected 'struct Alien *' but argument is of type 'struct Alien **'
 void setAlienPixels(struct Alien* alien, uint8_t posX, uint8_t posY);
      ^~~~~~~~~~~~~~
Finished building: ../src/Pixel.c
 
Building target: Embedded_Exercise_normal.elf
Invoking: ARM v7 gcc linker
arm-none-eabi-gcc -mcpu=cortex-a9 -mfpu=vfpv3 -mfloat-abi=hard -Wl,-build-id=none -specs=Xilinx.spec -Wl,-T -Wl,../src/lscript.ld -L../../Embedded_Exercise_bsp/ps7_cortexa9_0/lib -o "Embedded_Exercise_normal.elf"  ./src/Interrupt_setup.o ./src/Pixel.o ./src/blinker.o ./src/main.o ./src/platform.o   -Wl,--start-group,-lxil,-lgcc,-lc,--end-group
Finished building target: Embedded_Exercise_normal.elf
 
Invoking: ARM v7 Print Size
arm-none-eabi-size Embedded_Exercise_normal.elf  |tee "Embedded_Exercise_normal.elf.size"
   text	   data	    bss	    dec	    hex	filename
  35620	   2828	  22872	  61320	   ef88	Embedded_Exercise_normal.elf
Finished building: Embedded_Exercise_normal.elf.size
 
18:33:32 **** Auto Build of configuration Debug for project Embedded_Exercise_normal ****
make pre-build main-build 
a9-linaro-pre-build-step
 
Building file: ../src/Pixel.c
Invoking: ARM v7 gcc compiler
arm-none-eabi-gcc -Wall -O0 -g3 -c -fmessage-length=0 -MT"src/Pixel.o" -mcpu=cortex-a9 -mfpu=vfpv3 -mfloat-abi=hard -I../../Embedded_Exercise_bsp/ps7_cortexa9_0/include -MMD -MP -MF"src/Pixel.d" -MT"src/Pixel.o" -o "src/Pixel.o" "../src/Pixel.c"
Finished building: ../src/Pixel.c
 
Building target: Embedded_Exercise_normal.elf
Invoking: ARM v7 gcc linker
arm-none-eabi-gcc -mcpu=cortex-a9 -mfpu=vfpv3 -mfloat-abi=hard -Wl,-build-id=none -specs=Xilinx.spec -Wl,-T -Wl,../src/lscript.ld -L../../Embedded_Exercise_bsp/ps7_cortexa9_0/lib -o "Embedded_Exercise_normal.elf"  ./src/Interrupt_setup.o ./src/Pixel.o ./src/blinker.o ./src/main.o ./src/platform.o   -Wl,--start-group,-lxil,-lgcc,-lc,--end-group
Finished building target: Embedded_Exercise_normal.elf
 
Invoking: ARM v7 Print Size
arm-none-eabi-size Embedded_Exercise_normal.elf  |tee "Embedded_Exercise_normal.elf.size"
   text	   data	    bss	    dec	    hex	filename
  35620	   2828	  22872	  61320	   ef88	Embedded_Exercise_normal.elf
Finished building: Embedded_Exercise_normal.elf.size
 
18:33:39 **** Incremental Build of configuration Debug for project Embedded_Exercise_normal ****
make pre-build main-build 
a9-linaro-pre-build-step
 
make: Nothing to be done for `main-build'.
